{ terain: 
   [ [ 1, 1, 1, 1, 1, 1, 1, 1, 1, 1, 1, 1, 1, 1, 1, 1, 1, 1, 1 ],
     [ 1, 2, 2, 2, 0, 0, 0, 0, 0, 0, 0, 0, 0, 0, 0, 0, 0, 0, 1 ],
     [ 1, 2, 0, 1, 0, 0, 0, 0, 0, 1, 0, 0, 0, 0, 0, 0, 0, 0, 1 ],
     [ 1, 1, 1, 1, 0, 0, 0, 0, 0, 1, 0, 0, 0, 0, 0, 0, 0, 0, 1 ],
     [ 1, 0, 0, 0, 0, 0, 0, 0, 0, 1, 0, 0, 0, 0, 0, 0, 0, 0, 1 ],
     [ 1, 0, 0, 1, 1, 1, 1, 1, 1, 1, 1, 1, 1, 1, 0, 0, 0, 0, 1 ],
     [ 1, 0, 0, 0, 0, 2, 2, 1, 2, 2, 2, 2, 2, 2, 0, 0, 0, 0, 1 ],
     [ 1, 0, 0, 0, 0, 2, 2, 1, 2, 2, 2, 2, 2, 2, 0, 0, 0, 0, 1 ],
     [ 1, 0, 0, 0, 0, 2, 2, 2, 2, 2, 2, 2, 2, 2, 0, 0, 0, 0, 1 ],
     [ 1, 0, 0, 0, 0, 2, 2, 2, 2, 2, 2, 2, 2, 2, 0, 0, 0, 0, 1 ],
     [ 1, 0, 0, 0, 0, 2, 2, 2, 2, 2, 2, 2, 2, 2, 0, 0, 0, 0, 1 ],
     [ 1, 0, 0, 0, 0, 2, 2, 2, 2, 2, 2, 1, 2, 2, 0, 0, 0, 0, 1 ],
     [ 1, 0, 0, 0, 0, 2, 2, 2, 2, 2, 2, 1, 2, 2, 0, 0, 0, 0, 1 ],
     [ 1, 0, 0, 0, 0, 1, 1, 1, 1, 1, 1, 1, 1, 1, 1, 1, 0, 0, 1 ],
     [ 1, 0, 0, 0, 0, 0, 0, 0, 0, 1, 0, 0, 0, 0, 0, 0, 0, 0, 1 ],
     [ 1, 0, 0, 0, 0, 0, 0, 0, 0, 1, 0, 0, 0, 0, 0, 1, 1, 1, 1 ],
     [ 1, 0, 0, 0, 0, 0, 0, 0, 0, 1, 0, 0, 0, 0, 0, 1, 0, 2, 1 ],
     [ 1, 0, 0, 0, 0, 0, 0, 0, 0, 0, 0, 0, 0, 0, 0, 2, 2, 2, 1 ],
     [ 1, 1, 1, 1, 1, 1, 1, 1, 1, 1, 1, 1, 1, 1, 1, 1, 1, 1, 1 ] ],
  myTank: 
   [ { bullet: '',
       hp: 5,
       color: 'blue',
       x: 1,
       y: 1,
       direction: 'down',
       id: 'SkSpciLxz' } ],
  myBullet: [],
  enemyTank: [],
  enemyBullet: [],
  events: [],
  flagWait: 1,
  myFlag: 0,
  enemyFlag: 0,
  params: 
   { tankScore: 1,
     flagScore: 1,
     flagTime: 50,
     tankSpeed: 1,
     bulletSpeed: 2,
     maxRound: 200,
     flagX: 9,
     flagY: 9 },
  ended: false }
0 '--------------------------------'
{ myTank: 
   [ { bullet: '',
       hp: 5,
       color: 'blue',
       x: 1,
       y: 2,
       direction: 'down',
       id: 'SkSpciLxz',
       probability: 0.5 },
     { bullet: '',
       hp: 5,
       color: 'blue',
       x: 1,
       y: 1,
       direction: 'down',
       id: 'SkSpciLxz',
       probability: 0.2 },
     { bullet: '',
       hp: 5,
       color: 'blue',
       x: 1,
       y: 1,
       direction: 'up',
       id: 'SkSpciLxz',
       probability: 0.09999999999999999 },
     { bullet: '',
       hp: 5,
       color: 'blue',
       x: 1,
       y: 1,
       direction: 'left',
       id: 'SkSpciLxz',
       probability: 0.09999999999999999 },
     { bullet: '',
       hp: 5,
       color: 'blue',
       x: 1,
       y: 1,
       direction: 'right',
       id: 'SkSpciLxz',
       probability: 0.09999999999999999 } ],
  myTankProbabilityMap: 
   Map {
     '1,2' => { bullet: '',
     hp: 5,
     color: 'blue',
     x: 1,
     y: 2,
     direction: 'down',
     id: 'SkSpciLxz',
     probability: 0.5 },
     '1,1' => { bullet: '',
     hp: 5,
     color: 'blue',
     x: 1,
     y: 1,
     direction: 'down',
     id: 'SkSpciLxz',
     probability: 0.49999999999999994 } } }
[]
{ tankId: 'SkSpciLxz',
  nextStep: 'turnTo',
  turnTo: 'left',
  direction: 'right',
  weight: 10 }
{ SkSpciLxz: 'left' }
1 '--------------------------------'
{ myTank: 
   [ { bullet: '',
       hp: 5,
       color: 'blue',
       x: 2,
       y: 1,
       direction: 'right',
       id: 'SkSpciLxz',
       probability: 0.5 },
     { bullet: '',
       hp: 5,
       color: 'blue',
       x: 1,
       y: 1,
       direction: 'right',
       id: 'SkSpciLxz',
       probability: 0.2 },
     { bullet: '',
       hp: 5,
       color: 'blue',
       x: 1,
       y: 1,
       direction: 'top',
       id: 'SkSpciLxz',
       probability: 0.09999999999999999 },
     { bullet: '',
       hp: 5,
       color: 'blue',
       x: 1,
       y: 1,
       direction: 'left',
       id: 'SkSpciLxz',
       probability: 0.09999999999999999 },
     { bullet: '',
       hp: 5,
       color: 'blue',
       x: 1,
       y: 1,
       direction: 'down',
       id: 'SkSpciLxz',
       probability: 0.09999999999999999 } ],
  myTankProbabilityMap: 
   Map {
     '2,1' => { bullet: '',
     hp: 5,
     color: 'blue',
     x: 2,
     y: 1,
     direction: 'right',
     id: 'SkSpciLxz',
     probability: 0.5 },
     '1,1' => { bullet: '',
     hp: 5,
     color: 'blue',
     x: 1,
     y: 1,
     direction: 'right',
     id: 'SkSpciLxz',
     probability: 0.49999999999999994 } } }
[]
{ tankId: 'SkSpciLxz',
  nextStep: 'move',
  direction: 'right',
  weight: 10 }
{ SkSpciLxz: 'move' }
2 '--------------------------------'
{ myTank: 
   [ { bullet: '',
       hp: 5,
       color: 'blue',
       x: 3,
       y: 1,
       direction: 'right',
       id: 'SkSpciLxz',
       probability: 0.5 },
     { bullet: '',
       hp: 5,
       color: 'blue',
       x: 2,
       y: 1,
       direction: 'right',
       id: 'SkSpciLxz',
       probability: 0.2 },
     { bullet: '',
       hp: 5,
       color: 'blue',
       x: 2,
       y: 1,
       direction: 'top',
       id: 'SkSpciLxz',
       probability: 0.09999999999999999 },
     { bullet: '',
       hp: 5,
       color: 'blue',
       x: 2,
       y: 1,
       direction: 'left',
       id: 'SkSpciLxz',
       probability: 0.09999999999999999 },
     { bullet: '',
       hp: 5,
       color: 'blue',
       x: 2,
       y: 1,
       direction: 'down',
       id: 'SkSpciLxz',
       probability: 0.09999999999999999 } ],
  myTankProbabilityMap: 
   Map {
     '3,1' => { bullet: '',
     hp: 5,
     color: 'blue',
     x: 3,
     y: 1,
     direction: 'right',
     id: 'SkSpciLxz',
     probability: 0.5 },
     '2,1' => { bullet: '',
     hp: 5,
     color: 'blue',
     x: 2,
     y: 1,
     direction: 'right',
     id: 'SkSpciLxz',
     probability: 0.49999999999999994 } } }
[]
{ tankId: 'SkSpciLxz',
  nextStep: 'move',
  direction: 'right',
  weight: 10 }
{ SkSpciLxz: 'move' }
3 '--------------------------------'
{ myTank: 
   [ { bullet: '',
       hp: 5,
       color: 'blue',
       x: 4,
       y: 1,
       direction: 'right',
       id: 'SkSpciLxz',
       probability: 0.5 },
     { bullet: '',
       hp: 5,
       color: 'blue',
       x: 3,
       y: 1,
       direction: 'right',
       id: 'SkSpciLxz',
       probability: 0.2 },
     { bullet: '',
       hp: 5,
       color: 'blue',
       x: 3,
       y: 1,
       direction: 'top',
       id: 'SkSpciLxz',
       probability: 0.09999999999999999 },
     { bullet: '',
       hp: 5,
       color: 'blue',
       x: 3,
       y: 1,
       direction: 'left',
       id: 'SkSpciLxz',
       probability: 0.09999999999999999 },
     { bullet: '',
       hp: 5,
       color: 'blue',
       x: 3,
       y: 1,
       direction: 'down',
       id: 'SkSpciLxz',
       probability: 0.09999999999999999 } ],
  myTankProbabilityMap: 
   Map {
     '4,1' => { bullet: '',
     hp: 5,
     color: 'blue',
     x: 4,
     y: 1,
     direction: 'right',
     id: 'SkSpciLxz',
     probability: 0.5 },
     '3,1' => { bullet: '',
     hp: 5,
     color: 'blue',
     x: 3,
     y: 1,
     direction: 'right',
     id: 'SkSpciLxz',
     probability: 0.49999999999999994 } } }
[]
{ tankId: 'SkSpciLxz',
  nextStep: 'move',
  direction: 'right',
  weight: 10 }
{ SkSpciLxz: 'move' }
4 '--------------------------------'
{ myTank: 
   [ { bullet: '',
       hp: 5,
       color: 'blue',
       x: 5,
       y: 1,
       direction: 'right',
       id: 'SkSpciLxz',
       probability: 0.5 },
     { bullet: '',
       hp: 5,
       color: 'blue',
       x: 4,
       y: 1,
       direction: 'right',
       id: 'SkSpciLxz',
       probability: 0.2 },
     { bullet: '',
       hp: 5,
       color: 'blue',
       x: 4,
       y: 1,
       direction: 'top',
       id: 'SkSpciLxz',
       probability: 0.09999999999999999 },
     { bullet: '',
       hp: 5,
       color: 'blue',
       x: 4,
       y: 1,
       direction: 'left',
       id: 'SkSpciLxz',
       probability: 0.09999999999999999 },
     { bullet: '',
       hp: 5,
       color: 'blue',
       x: 4,
       y: 1,
       direction: 'down',
       id: 'SkSpciLxz',
       probability: 0.09999999999999999 } ],
  myTankProbabilityMap: 
   Map {
     '5,1' => { bullet: '',
     hp: 5,
     color: 'blue',
     x: 5,
     y: 1,
     direction: 'right',
     id: 'SkSpciLxz',
     probability: 0.5 },
     '4,1' => { bullet: '',
     hp: 5,
     color: 'blue',
     x: 4,
     y: 1,
     direction: 'right',
     id: 'SkSpciLxz',
     probability: 0.49999999999999994 } } }
[]
{ tankId: 'SkSpciLxz',
  nextStep: 'move',
  direction: 'right',
  weight: 10 }
{ SkSpciLxz: 'move' }
5 '--------------------------------'
{ myTank: 
   [ { bullet: '',
       hp: 5,
       color: 'blue',
       x: 6,
       y: 1,
       direction: 'right',
       id: 'SkSpciLxz',
       probability: 0.5 },
     { bullet: '',
       hp: 5,
       color: 'blue',
       x: 5,
       y: 1,
       direction: 'right',
       id: 'SkSpciLxz',
       probability: 0.2 },
     { bullet: '',
       hp: 5,
       color: 'blue',
       x: 5,
       y: 1,
       direction: 'top',
       id: 'SkSpciLxz',
       probability: 0.09999999999999999 },
     { bullet: '',
       hp: 5,
       color: 'blue',
       x: 5,
       y: 1,
       direction: 'left',
       id: 'SkSpciLxz',
       probability: 0.09999999999999999 },
     { bullet: '',
       hp: 5,
       color: 'blue',
       x: 5,
       y: 1,
       direction: 'down',
       id: 'SkSpciLxz',
       probability: 0.09999999999999999 } ],
  myTankProbabilityMap: 
   Map {
     '6,1' => { bullet: '',
     hp: 5,
     color: 'blue',
     x: 6,
     y: 1,
     direction: 'right',
     id: 'SkSpciLxz',
     probability: 0.5 },
     '5,1' => { bullet: '',
     hp: 5,
     color: 'blue',
     x: 5,
     y: 1,
     direction: 'right',
     id: 'SkSpciLxz',
     probability: 0.49999999999999994 } } }
[]
{ tankId: 'SkSpciLxz',
  nextStep: 'move',
  direction: 'right',
  weight: 10 }
{ SkSpciLxz: 'move' }
6 '--------------------------------'
{ myTank: 
   [ { bullet: '',
       hp: 5,
       color: 'blue',
       x: 7,
       y: 1,
       direction: 'right',
       id: 'SkSpciLxz',
       probability: 0.5 },
     { bullet: '',
       hp: 5,
       color: 'blue',
       x: 6,
       y: 1,
       direction: 'right',
       id: 'SkSpciLxz',
       probability: 0.2 },
     { bullet: '',
       hp: 5,
       color: 'blue',
       x: 6,
       y: 1,
       direction: 'top',
       id: 'SkSpciLxz',
       probability: 0.09999999999999999 },
     { bullet: '',
       hp: 5,
       color: 'blue',
       x: 6,
       y: 1,
       direction: 'left',
       id: 'SkSpciLxz',
       probability: 0.09999999999999999 },
     { bullet: '',
       hp: 5,
       color: 'blue',
       x: 6,
       y: 1,
       direction: 'down',
       id: 'SkSpciLxz',
       probability: 0.09999999999999999 } ],
  myTankProbabilityMap: 
   Map {
     '7,1' => { bullet: '',
     hp: 5,
     color: 'blue',
     x: 7,
     y: 1,
     direction: 'right',
     id: 'SkSpciLxz',
     probability: 0.5 },
     '6,1' => { bullet: '',
     hp: 5,
     color: 'blue',
     x: 6,
     y: 1,
     direction: 'right',
     id: 'SkSpciLxz',
     probability: 0.49999999999999994 } } }
[]
{ tankId: 'SkSpciLxz',
  nextStep: 'move',
  direction: 'right',
  weight: 10 }
{ SkSpciLxz: 'move' }
7 '--------------------------------'
{ myTank: 
   [ { bullet: '',
       hp: 5,
       color: 'blue',
       x: 8,
       y: 1,
       direction: 'right',
       id: 'SkSpciLxz',
       probability: 0.5 },
     { bullet: '',
       hp: 5,
       color: 'blue',
       x: 7,
       y: 1,
       direction: 'right',
       id: 'SkSpciLxz',
       probability: 0.2 },
     { bullet: '',
       hp: 5,
       color: 'blue',
       x: 7,
       y: 1,
       direction: 'top',
       id: 'SkSpciLxz',
       probability: 0.09999999999999999 },
     { bullet: '',
       hp: 5,
       color: 'blue',
       x: 7,
       y: 1,
       direction: 'left',
       id: 'SkSpciLxz',
       probability: 0.09999999999999999 },
     { bullet: '',
       hp: 5,
       color: 'blue',
       x: 7,
       y: 1,
       direction: 'down',
       id: 'SkSpciLxz',
       probability: 0.09999999999999999 } ],
  myTankProbabilityMap: 
   Map {
     '8,1' => { bullet: '',
     hp: 5,
     color: 'blue',
     x: 8,
     y: 1,
     direction: 'right',
     id: 'SkSpciLxz',
     probability: 0.5 },
     '7,1' => { bullet: '',
     hp: 5,
     color: 'blue',
     x: 7,
     y: 1,
     direction: 'right',
     id: 'SkSpciLxz',
     probability: 0.49999999999999994 } } }
[]
{ tankId: 'SkSpciLxz',
  nextStep: 'move',
  direction: 'right',
  weight: 10 }
{ SkSpciLxz: 'move' }
8 '--------------------------------'
{ myTank: 
   [ { bullet: '',
       hp: 5,
       color: 'blue',
       x: 9,
       y: 1,
       direction: 'right',
       id: 'SkSpciLxz',
       probability: 0.5 },
     { bullet: '',
       hp: 5,
       color: 'blue',
       x: 8,
       y: 1,
       direction: 'right',
       id: 'SkSpciLxz',
       probability: 0.2 },
     { bullet: '',
       hp: 5,
       color: 'blue',
       x: 8,
       y: 1,
       direction: 'top',
       id: 'SkSpciLxz',
       probability: 0.09999999999999999 },
     { bullet: '',
       hp: 5,
       color: 'blue',
       x: 8,
       y: 1,
       direction: 'left',
       id: 'SkSpciLxz',
       probability: 0.09999999999999999 },
     { bullet: '',
       hp: 5,
       color: 'blue',
       x: 8,
       y: 1,
       direction: 'down',
       id: 'SkSpciLxz',
       probability: 0.09999999999999999 } ],
  myTankProbabilityMap: 
   Map {
     '9,1' => { bullet: '',
     hp: 5,
     color: 'blue',
     x: 9,
     y: 1,
     direction: 'right',
     id: 'SkSpciLxz',
     probability: 0.5 },
     '8,1' => { bullet: '',
     hp: 5,
     color: 'blue',
     x: 8,
     y: 1,
     direction: 'right',
     id: 'SkSpciLxz',
     probability: 0.49999999999999994 } } }
[]
{ tankId: 'SkSpciLxz',
  nextStep: 'move',
  direction: 'right',
  weight: 10 }
{ SkSpciLxz: 'move' }
9 '--------------------------------'
{ myTank: 
   [ { bullet: '',
       hp: 5,
       color: 'blue',
       x: 10,
       y: 1,
       direction: 'right',
       id: 'SkSpciLxz',
       probability: 0.5 },
     { bullet: '',
       hp: 5,
       color: 'blue',
       x: 9,
       y: 1,
       direction: 'right',
       id: 'SkSpciLxz',
       probability: 0.2 },
     { bullet: '',
       hp: 5,
       color: 'blue',
       x: 9,
       y: 1,
       direction: 'top',
       id: 'SkSpciLxz',
       probability: 0.09999999999999999 },
     { bullet: '',
       hp: 5,
       color: 'blue',
       x: 9,
       y: 1,
       direction: 'left',
       id: 'SkSpciLxz',
       probability: 0.09999999999999999 },
     { bullet: '',
       hp: 5,
       color: 'blue',
       x: 9,
       y: 1,
       direction: 'down',
       id: 'SkSpciLxz',
       probability: 0.09999999999999999 } ],
  myTankProbabilityMap: 
   Map {
     '10,1' => { bullet: '',
     hp: 5,
     color: 'blue',
     x: 10,
     y: 1,
     direction: 'right',
     id: 'SkSpciLxz',
     probability: 0.5 },
     '9,1' => { bullet: '',
     hp: 5,
     color: 'blue',
     x: 9,
     y: 1,
     direction: 'right',
     id: 'SkSpciLxz',
     probability: 0.49999999999999994 } } }
[]
{ tankId: 'SkSpciLxz',
  nextStep: 'move',
  direction: 'right',
  weight: 10 }
{ SkSpciLxz: 'move' }
10 '--------------------------------'
{ myTank: 
   [ { bullet: '',
       hp: 5,
       color: 'blue',
       x: 11,
       y: 1,
       direction: 'right',
       id: 'SkSpciLxz',
       probability: 0.5 },
     { bullet: '',
       hp: 5,
       color: 'blue',
       x: 10,
       y: 1,
       direction: 'right',
       id: 'SkSpciLxz',
       probability: 0.2 },
     { bullet: '',
       hp: 5,
       color: 'blue',
       x: 10,
       y: 1,
       direction: 'top',
       id: 'SkSpciLxz',
       probability: 0.09999999999999999 },
     { bullet: '',
       hp: 5,
       color: 'blue',
       x: 10,
       y: 1,
       direction: 'left',
       id: 'SkSpciLxz',
       probability: 0.09999999999999999 },
     { bullet: '',
       hp: 5,
       color: 'blue',
       x: 10,
       y: 1,
       direction: 'down',
       id: 'SkSpciLxz',
       probability: 0.09999999999999999 } ],
  myTankProbabilityMap: 
   Map {
     '11,1' => { bullet: '',
     hp: 5,
     color: 'blue',
     x: 11,
     y: 1,
     direction: 'right',
     id: 'SkSpciLxz',
     probability: 0.5 },
     '10,1' => { bullet: '',
     hp: 5,
     color: 'blue',
     x: 10,
     y: 1,
     direction: 'right',
     id: 'SkSpciLxz',
     probability: 0.49999999999999994 } } }
[]
{ tankId: 'SkSpciLxz',
  nextStep: 'turnTo',
  turnTo: 'right',
  direction: 'down',
  weight: 10 }
{ SkSpciLxz: 'right' }
11 '--------------------------------'
{ myTank: 
   [ { bullet: '',
       hp: 5,
       color: 'blue',
       x: 10,
       y: 2,
       direction: 'down',
       id: 'SkSpciLxz',
       probability: 0.5 },
     { bullet: '',
       hp: 5,
       color: 'blue',
       x: 10,
       y: 1,
       direction: 'down',
       id: 'SkSpciLxz',
       probability: 0.2 },
     { bullet: '',
       hp: 5,
       color: 'blue',
       x: 10,
       y: 1,
       direction: 'up',
       id: 'SkSpciLxz',
       probability: 0.09999999999999999 },
     { bullet: '',
       hp: 5,
       color: 'blue',
       x: 10,
       y: 1,
       direction: 'left',
       id: 'SkSpciLxz',
       probability: 0.09999999999999999 },
     { bullet: '',
       hp: 5,
       color: 'blue',
       x: 10,
       y: 1,
       direction: 'right',
       id: 'SkSpciLxz',
       probability: 0.09999999999999999 } ],
  myTankProbabilityMap: 
   Map {
     '10,2' => { bullet: '',
     hp: 5,
     color: 'blue',
     x: 10,
     y: 2,
     direction: 'down',
     id: 'SkSpciLxz',
     probability: 0.5 },
     '10,1' => { bullet: '',
     hp: 5,
     color: 'blue',
     x: 10,
     y: 1,
     direction: 'down',
     id: 'SkSpciLxz',
     probability: 0.49999999999999994 } } }
[]
{ tankId: 'SkSpciLxz',
  nextStep: 'move',
  direction: 'down',
  weight: 10 }
{ SkSpciLxz: 'move' }
12 '--------------------------------'
{ myTank: 
   [ { bullet: '',
       hp: 5,
       color: 'blue',
       x: 10,
       y: 3,
       direction: 'down',
       id: 'SkSpciLxz',
       probability: 0.5 },
     { bullet: '',
       hp: 5,
       color: 'blue',
       x: 10,
       y: 2,
       direction: 'down',
       id: 'SkSpciLxz',
       probability: 0.2 },
     { bullet: '',
       hp: 5,
       color: 'blue',
       x: 10,
       y: 2,
       direction: 'up',
       id: 'SkSpciLxz',
       probability: 0.09999999999999999 },
     { bullet: '',
       hp: 5,
       color: 'blue',
       x: 10,
       y: 2,
       direction: 'left',
       id: 'SkSpciLxz',
       probability: 0.09999999999999999 },
     { bullet: '',
       hp: 5,
       color: 'blue',
       x: 10,
       y: 2,
       direction: 'right',
       id: 'SkSpciLxz',
       probability: 0.09999999999999999 } ],
  myTankProbabilityMap: 
   Map {
     '10,3' => { bullet: '',
     hp: 5,
     color: 'blue',
     x: 10,
     y: 3,
     direction: 'down',
     id: 'SkSpciLxz',
     probability: 0.5 },
     '10,2' => { bullet: '',
     hp: 5,
     color: 'blue',
     x: 10,
     y: 2,
     direction: 'down',
     id: 'SkSpciLxz',
     probability: 0.49999999999999994 } } }
[]
{ tankId: 'SkSpciLxz',
  nextStep: 'move',
  direction: 'down',
  weight: 10 }
{ SkSpciLxz: 'move' }
13 '--------------------------------'
{ myTank: 
   [ { bullet: '',
       hp: 5,
       color: 'blue',
       x: 10,
       y: 4,
       direction: 'down',
       id: 'SkSpciLxz',
       probability: 0.5 },
     { bullet: '',
       hp: 5,
       color: 'blue',
       x: 10,
       y: 3,
       direction: 'down',
       id: 'SkSpciLxz',
       probability: 0.2 },
     { bullet: '',
       hp: 5,
       color: 'blue',
       x: 10,
       y: 3,
       direction: 'up',
       id: 'SkSpciLxz',
       probability: 0.09999999999999999 },
     { bullet: '',
       hp: 5,
       color: 'blue',
       x: 10,
       y: 3,
       direction: 'left',
       id: 'SkSpciLxz',
       probability: 0.09999999999999999 },
     { bullet: '',
       hp: 5,
       color: 'blue',
       x: 10,
       y: 3,
       direction: 'right',
       id: 'SkSpciLxz',
       probability: 0.09999999999999999 } ],
  myTankProbabilityMap: 
   Map {
     '10,4' => { bullet: '',
     hp: 5,
     color: 'blue',
     x: 10,
     y: 4,
     direction: 'down',
     id: 'SkSpciLxz',
     probability: 0.5 },
     '10,3' => { bullet: '',
     hp: 5,
     color: 'blue',
     x: 10,
     y: 3,
     direction: 'down',
     id: 'SkSpciLxz',
     probability: 0.49999999999999994 } } }
[]
{ tankId: 'SkSpciLxz',
  nextStep: 'move',
  direction: 'down',
  weight: 10 }
{ SkSpciLxz: 'move' }
14 '--------------------------------'
{ myTank: 
   [ { bullet: '',
       hp: 5,
       color: 'blue',
       x: 10,
       y: 4,
       direction: 'down',
       id: 'SkSpciLxz',
       probability: 0.2 },
     { bullet: '',
       hp: 5,
       color: 'blue',
       x: 10,
       y: 4,
       direction: 'up',
       id: 'SkSpciLxz',
       probability: 0.09999999999999999 },
     { bullet: '',
       hp: 5,
       color: 'blue',
       x: 10,
       y: 4,
       direction: 'left',
       id: 'SkSpciLxz',
       probability: 0.09999999999999999 },
     { bullet: '',
       hp: 5,
       color: 'blue',
       x: 10,
       y: 4,
       direction: 'right',
       id: 'SkSpciLxz',
       probability: 0.09999999999999999 } ],
  myTankProbabilityMap: 
   Map {
     '10,4' => { bullet: '',
     hp: 5,
     color: 'blue',
     x: 10,
     y: 4,
     direction: 'down',
     id: 'SkSpciLxz',
     probability: 0.49999999999999994 } } }
[]
{ tankId: 'SkSpciLxz',
  nextStep: 'turnTo',
  turnTo: 'left',
  direction: 'right',
  weight: 10 }
{ SkSpciLxz: 'left' }
15 '--------------------------------'
{ myTank: 
   [ { bullet: '',
       hp: 5,
       color: 'blue',
       x: 11,
       y: 4,
       direction: 'right',
       id: 'SkSpciLxz',
       probability: 0.5 },
     { bullet: '',
       hp: 5,
       color: 'blue',
       x: 10,
       y: 4,
       direction: 'right',
       id: 'SkSpciLxz',
       probability: 0.2 },
     { bullet: '',
       hp: 5,
       color: 'blue',
       x: 10,
       y: 4,
       direction: 'top',
       id: 'SkSpciLxz',
       probability: 0.09999999999999999 },
     { bullet: '',
       hp: 5,
       color: 'blue',
       x: 10,
       y: 4,
       direction: 'left',
       id: 'SkSpciLxz',
       probability: 0.09999999999999999 },
     { bullet: '',
       hp: 5,
       color: 'blue',
       x: 10,
       y: 4,
       direction: 'down',
       id: 'SkSpciLxz',
       probability: 0.09999999999999999 } ],
  myTankProbabilityMap: 
   Map {
     '11,4' => { bullet: '',
     hp: 5,
     color: 'blue',
     x: 11,
     y: 4,
     direction: 'right',
     id: 'SkSpciLxz',
     probability: 0.5 },
     '10,4' => { bullet: '',
     hp: 5,
     color: 'blue',
     x: 10,
     y: 4,
     direction: 'right',
     id: 'SkSpciLxz',
     probability: 0.49999999999999994 } } }
[]
{ tankId: 'SkSpciLxz',
  nextStep: 'move',
  direction: 'right',
  weight: 10 }
{ SkSpciLxz: 'move' }
16 '--------------------------------'
{ myTank: 
   [ { bullet: '',
       hp: 5,
       color: 'blue',
       x: 12,
       y: 4,
       direction: 'right',
       id: 'SkSpciLxz',
       probability: 0.5 },
     { bullet: '',
       hp: 5,
       color: 'blue',
       x: 11,
       y: 4,
       direction: 'right',
       id: 'SkSpciLxz',
       probability: 0.2 },
     { bullet: '',
       hp: 5,
       color: 'blue',
       x: 11,
       y: 4,
       direction: 'top',
       id: 'SkSpciLxz',
       probability: 0.09999999999999999 },
     { bullet: '',
       hp: 5,
       color: 'blue',
       x: 11,
       y: 4,
       direction: 'left',
       id: 'SkSpciLxz',
       probability: 0.09999999999999999 },
     { bullet: '',
       hp: 5,
       color: 'blue',
       x: 11,
       y: 4,
       direction: 'down',
       id: 'SkSpciLxz',
       probability: 0.09999999999999999 } ],
  myTankProbabilityMap: 
   Map {
     '12,4' => { bullet: '',
     hp: 5,
     color: 'blue',
     x: 12,
     y: 4,
     direction: 'right',
     id: 'SkSpciLxz',
     probability: 0.5 },
     '11,4' => { bullet: '',
     hp: 5,
     color: 'blue',
     x: 11,
     y: 4,
     direction: 'right',
     id: 'SkSpciLxz',
     probability: 0.49999999999999994 } } }
[]
{ tankId: 'SkSpciLxz',
  nextStep: 'move',
  direction: 'right',
  weight: 10 }
{ SkSpciLxz: 'move' }
17 '--------------------------------'
{ myTank: 
   [ { bullet: '',
       hp: 5,
       color: 'blue',
       x: 13,
       y: 4,
       direction: 'right',
       id: 'SkSpciLxz',
       probability: 0.5 },
     { bullet: '',
       hp: 5,
       color: 'blue',
       x: 12,
       y: 4,
       direction: 'right',
       id: 'SkSpciLxz',
       probability: 0.2 },
     { bullet: '',
       hp: 5,
       color: 'blue',
       x: 12,
       y: 4,
       direction: 'top',
       id: 'SkSpciLxz',
       probability: 0.09999999999999999 },
     { bullet: '',
       hp: 5,
       color: 'blue',
       x: 12,
       y: 4,
       direction: 'left',
       id: 'SkSpciLxz',
       probability: 0.09999999999999999 },
     { bullet: '',
       hp: 5,
       color: 'blue',
       x: 12,
       y: 4,
       direction: 'down',
       id: 'SkSpciLxz',
       probability: 0.09999999999999999 } ],
  myTankProbabilityMap: 
   Map {
     '13,4' => { bullet: '',
     hp: 5,
     color: 'blue',
     x: 13,
     y: 4,
     direction: 'right',
     id: 'SkSpciLxz',
     probability: 0.5 },
     '12,4' => { bullet: '',
     hp: 5,
     color: 'blue',
     x: 12,
     y: 4,
     direction: 'right',
     id: 'SkSpciLxz',
     probability: 0.49999999999999994 } } }
[]
{ tankId: 'SkSpciLxz',
  nextStep: 'move',
  direction: 'right',
  weight: 10 }
{ SkSpciLxz: 'move' }
18 '--------------------------------'
{ myTank: 
   [ { bullet: '',
       hp: 5,
       color: 'blue',
       x: 14,
       y: 4,
       direction: 'right',
       id: 'SkSpciLxz',
       probability: 0.5 },
     { bullet: '',
       hp: 5,
       color: 'blue',
       x: 13,
       y: 4,
       direction: 'right',
       id: 'SkSpciLxz',
       probability: 0.2 },
     { bullet: '',
       hp: 5,
       color: 'blue',
       x: 13,
       y: 4,
       direction: 'top',
       id: 'SkSpciLxz',
       probability: 0.09999999999999999 },
     { bullet: '',
       hp: 5,
       color: 'blue',
       x: 13,
       y: 4,
       direction: 'left',
       id: 'SkSpciLxz',
       probability: 0.09999999999999999 },
     { bullet: '',
       hp: 5,
       color: 'blue',
       x: 13,
       y: 4,
       direction: 'down',
       id: 'SkSpciLxz',
       probability: 0.09999999999999999 } ],
  myTankProbabilityMap: 
   Map {
     '14,4' => { bullet: '',
     hp: 5,
     color: 'blue',
     x: 14,
     y: 4,
     direction: 'right',
     id: 'SkSpciLxz',
     probability: 0.5 },
     '13,4' => { bullet: '',
     hp: 5,
     color: 'blue',
     x: 13,
     y: 4,
     direction: 'right',
     id: 'SkSpciLxz',
     probability: 0.49999999999999994 } } }
[]
{ tankId: 'SkSpciLxz',
  nextStep: 'move',
  direction: 'right',
  weight: 10 }
{ SkSpciLxz: 'move' }
19 '--------------------------------'
{ myTank: 
   [ { bullet: '',
       hp: 5,
       color: 'blue',
       x: 15,
       y: 4,
       direction: 'right',
       id: 'SkSpciLxz',
       probability: 0.5 },
     { bullet: '',
       hp: 5,
       color: 'blue',
       x: 14,
       y: 4,
       direction: 'right',
       id: 'SkSpciLxz',
       probability: 0.2 },
     { bullet: '',
       hp: 5,
       color: 'blue',
       x: 14,
       y: 4,
       direction: 'top',
       id: 'SkSpciLxz',
       probability: 0.09999999999999999 },
     { bullet: '',
       hp: 5,
       color: 'blue',
       x: 14,
       y: 4,
       direction: 'left',
       id: 'SkSpciLxz',
       probability: 0.09999999999999999 },
     { bullet: '',
       hp: 5,
       color: 'blue',
       x: 14,
       y: 4,
       direction: 'down',
       id: 'SkSpciLxz',
       probability: 0.09999999999999999 } ],
  myTankProbabilityMap: 
   Map {
     '15,4' => { bullet: '',
     hp: 5,
     color: 'blue',
     x: 15,
     y: 4,
     direction: 'right',
     id: 'SkSpciLxz',
     probability: 0.5 },
     '14,4' => { bullet: '',
     hp: 5,
     color: 'blue',
     x: 14,
     y: 4,
     direction: 'right',
     id: 'SkSpciLxz',
     probability: 0.49999999999999994 } } }
[]
{ tankId: 'SkSpciLxz',
  nextStep: 'turnTo',
  turnTo: 'right',
  direction: 'down',
  weight: 10 }
{ SkSpciLxz: 'right' }
20 '--------------------------------'
{ myTank: 
   [ { bullet: '',
       hp: 5,
       color: 'blue',
       x: 14,
       y: 5,
       direction: 'down',
       id: 'SkSpciLxz',
       probability: 0.5 },
     { bullet: '',
       hp: 5,
       color: 'blue',
       x: 14,
       y: 4,
       direction: 'down',
       id: 'SkSpciLxz',
       probability: 0.2 },
     { bullet: '',
       hp: 5,
       color: 'blue',
       x: 14,
       y: 4,
       direction: 'up',
       id: 'SkSpciLxz',
       probability: 0.09999999999999999 },
     { bullet: '',
       hp: 5,
       color: 'blue',
       x: 14,
       y: 4,
       direction: 'left',
       id: 'SkSpciLxz',
       probability: 0.09999999999999999 },
     { bullet: '',
       hp: 5,
       color: 'blue',
       x: 14,
       y: 4,
       direction: 'right',
       id: 'SkSpciLxz',
       probability: 0.09999999999999999 } ],
  myTankProbabilityMap: 
   Map {
     '14,5' => { bullet: '',
     hp: 5,
     color: 'blue',
     x: 14,
     y: 5,
     direction: 'down',
     id: 'SkSpciLxz',
     probability: 0.5 },
     '14,4' => { bullet: '',
     hp: 5,
     color: 'blue',
     x: 14,
     y: 4,
     direction: 'down',
     id: 'SkSpciLxz',
     probability: 0.49999999999999994 } } }
[]
{ tankId: 'SkSpciLxz',
  nextStep: 'move',
  direction: 'down',
  weight: 10 }
{ SkSpciLxz: 'move' }
21 '--------------------------------'
{ myTank: 
   [ { bullet: '',
       hp: 5,
       color: 'blue',
       x: 14,
       y: 6,
       direction: 'down',
       id: 'SkSpciLxz',
       probability: 0.5 },
     { bullet: '',
       hp: 5,
       color: 'blue',
       x: 14,
       y: 5,
       direction: 'down',
       id: 'SkSpciLxz',
       probability: 0.2 },
     { bullet: '',
       hp: 5,
       color: 'blue',
       x: 14,
       y: 5,
       direction: 'up',
       id: 'SkSpciLxz',
       probability: 0.09999999999999999 },
     { bullet: '',
       hp: 5,
       color: 'blue',
       x: 14,
       y: 5,
       direction: 'left',
       id: 'SkSpciLxz',
       probability: 0.09999999999999999 },
     { bullet: '',
       hp: 5,
       color: 'blue',
       x: 14,
       y: 5,
       direction: 'right',
       id: 'SkSpciLxz',
       probability: 0.09999999999999999 } ],
  myTankProbabilityMap: 
   Map {
     '14,6' => { bullet: '',
     hp: 5,
     color: 'blue',
     x: 14,
     y: 6,
     direction: 'down',
     id: 'SkSpciLxz',
     probability: 0.5 },
     '14,5' => { bullet: '',
     hp: 5,
     color: 'blue',
     x: 14,
     y: 5,
     direction: 'down',
     id: 'SkSpciLxz',
     probability: 0.49999999999999994 } } }
[]
{ tankId: 'SkSpciLxz',
  nextStep: 'move',
  direction: 'down',
  weight: 10 }
{ SkSpciLxz: 'move' }
22 '--------------------------------'
{ myTank: 
   [ { bullet: '',
       hp: 5,
       color: 'blue',
       x: 14,
       y: 7,
       direction: 'down',
       id: 'SkSpciLxz',
       probability: 0.5 },
     { bullet: '',
       hp: 5,
       color: 'blue',
       x: 14,
       y: 6,
       direction: 'down',
       id: 'SkSpciLxz',
       probability: 0.2 },
     { bullet: '',
       hp: 5,
       color: 'blue',
       x: 14,
       y: 6,
       direction: 'up',
       id: 'SkSpciLxz',
       probability: 0.09999999999999999 },
     { bullet: '',
       hp: 5,
       color: 'blue',
       x: 14,
       y: 6,
       direction: 'left',
       id: 'SkSpciLxz',
       probability: 0.09999999999999999 },
     { bullet: '',
       hp: 5,
       color: 'blue',
       x: 14,
       y: 6,
       direction: 'right',
       id: 'SkSpciLxz',
       probability: 0.09999999999999999 } ],
  myTankProbabilityMap: 
   Map {
     '14,7' => { bullet: '',
     hp: 5,
     color: 'blue',
     x: 14,
     y: 7,
     direction: 'down',
     id: 'SkSpciLxz',
     probability: 0.5 },
     '14,6' => { bullet: '',
     hp: 5,
     color: 'blue',
     x: 14,
     y: 6,
     direction: 'down',
     id: 'SkSpciLxz',
     probability: 0.49999999999999994 } } }
[]
{ tankId: 'SkSpciLxz',
  nextStep: 'move',
  direction: 'down',
  weight: 10 }
{ SkSpciLxz: 'move' }
23 '--------------------------------'
{ myTank: 
   [ { bullet: '',
       hp: 5,
       color: 'blue',
       x: 14,
       y: 8,
       direction: 'down',
       id: 'SkSpciLxz',
       probability: 0.5 },
     { bullet: '',
       hp: 5,
       color: 'blue',
       x: 14,
       y: 7,
       direction: 'down',
       id: 'SkSpciLxz',
       probability: 0.2 },
     { bullet: '',
       hp: 5,
       color: 'blue',
       x: 14,
       y: 7,
       direction: 'up',
       id: 'SkSpciLxz',
       probability: 0.09999999999999999 },
     { bullet: '',
       hp: 5,
       color: 'blue',
       x: 14,
       y: 7,
       direction: 'left',
       id: 'SkSpciLxz',
       probability: 0.09999999999999999 },
     { bullet: '',
       hp: 5,
       color: 'blue',
       x: 14,
       y: 7,
       direction: 'right',
       id: 'SkSpciLxz',
       probability: 0.09999999999999999 } ],
  myTankProbabilityMap: 
   Map {
     '14,8' => { bullet: '',
     hp: 5,
     color: 'blue',
     x: 14,
     y: 8,
     direction: 'down',
     id: 'SkSpciLxz',
     probability: 0.5 },
     '14,7' => { bullet: '',
     hp: 5,
     color: 'blue',
     x: 14,
     y: 7,
     direction: 'down',
     id: 'SkSpciLxz',
     probability: 0.49999999999999994 } } }
[]
{ tankId: 'SkSpciLxz',
  nextStep: 'move',
  direction: 'down',
  weight: 10 }
{ SkSpciLxz: 'move' }
24 '--------------------------------'
{ myTank: 
   [ { bullet: '',
       hp: 5,
       color: 'blue',
       x: 14,
       y: 9,
       direction: 'down',
       id: 'SkSpciLxz',
       probability: 0.5 },
     { bullet: '',
       hp: 5,
       color: 'blue',
       x: 14,
       y: 8,
       direction: 'down',
       id: 'SkSpciLxz',
       probability: 0.2 },
     { bullet: '',
       hp: 5,
       color: 'blue',
       x: 14,
       y: 8,
       direction: 'up',
       id: 'SkSpciLxz',
       probability: 0.09999999999999999 },
     { bullet: '',
       hp: 5,
       color: 'blue',
       x: 14,
       y: 8,
       direction: 'left',
       id: 'SkSpciLxz',
       probability: 0.09999999999999999 },
     { bullet: '',
       hp: 5,
       color: 'blue',
       x: 14,
       y: 8,
       direction: 'right',
       id: 'SkSpciLxz',
       probability: 0.09999999999999999 } ],
  myTankProbabilityMap: 
   Map {
     '14,9' => { bullet: '',
     hp: 5,
     color: 'blue',
     x: 14,
     y: 9,
     direction: 'down',
     id: 'SkSpciLxz',
     probability: 0.5 },
     '14,8' => { bullet: '',
     hp: 5,
     color: 'blue',
     x: 14,
     y: 8,
     direction: 'down',
     id: 'SkSpciLxz',
     probability: 0.49999999999999994 } } }
[]
{ tankId: 'SkSpciLxz',
  nextStep: 'move',
  direction: 'down',
  weight: 10 }
{ SkSpciLxz: 'move' }
25 '--------------------------------'
{ myTank: 
   [ { bullet: '',
       hp: 5,
       color: 'blue',
       x: 14,
       y: 10,
       direction: 'down',
       id: 'SkSpciLxz',
       probability: 0.5 },
     { bullet: '',
       hp: 5,
       color: 'blue',
       x: 14,
       y: 9,
       direction: 'down',
       id: 'SkSpciLxz',
       probability: 0.2 },
     { bullet: '',
       hp: 5,
       color: 'blue',
       x: 14,
       y: 9,
       direction: 'up',
       id: 'SkSpciLxz',
       probability: 0.09999999999999999 },
     { bullet: '',
       hp: 5,
       color: 'blue',
       x: 14,
       y: 9,
       direction: 'left',
       id: 'SkSpciLxz',
       probability: 0.09999999999999999 },
     { bullet: '',
       hp: 5,
       color: 'blue',
       x: 14,
       y: 9,
       direction: 'right',
       id: 'SkSpciLxz',
       probability: 0.09999999999999999 } ],
  myTankProbabilityMap: 
   Map {
     '14,10' => { bullet: '',
     hp: 5,
     color: 'blue',
     x: 14,
     y: 10,
     direction: 'down',
     id: 'SkSpciLxz',
     probability: 0.5 },
     '14,9' => { bullet: '',
     hp: 5,
     color: 'blue',
     x: 14,
     y: 9,
     direction: 'down',
     id: 'SkSpciLxz',
     probability: 0.49999999999999994 } } }
[]
{ tankId: 'SkSpciLxz',
  nextStep: 'turnTo',
  turnTo: 'right',
  direction: 'left',
  weight: 10 }
{ SkSpciLxz: 'right' }
26 '--------------------------------'
{ myTank: 
   [ { bullet: '',
       hp: 5,
       color: 'blue',
       x: 13,
       y: 9,
       direction: 'left',
       id: 'SkSpciLxz',
       probability: 0.5 },
     { bullet: '',
       hp: 5,
       color: 'blue',
       x: 14,
       y: 9,
       direction: 'left',
       id: 'SkSpciLxz',
       probability: 0.2 },
     { bullet: '',
       hp: 5,
       color: 'blue',
       x: 14,
       y: 9,
       direction: 'top',
       id: 'SkSpciLxz',
       probability: 0.09999999999999999 },
     { bullet: '',
       hp: 5,
       color: 'blue',
       x: 14,
       y: 9,
       direction: 'right',
       id: 'SkSpciLxz',
       probability: 0.09999999999999999 },
     { bullet: '',
       hp: 5,
       color: 'blue',
       x: 14,
       y: 9,
       direction: 'down',
       id: 'SkSpciLxz',
       probability: 0.09999999999999999 } ],
  myTankProbabilityMap: 
   Map {
     '13,9' => { bullet: '',
     hp: 5,
     color: 'blue',
     x: 13,
     y: 9,
     direction: 'left',
     id: 'SkSpciLxz',
     probability: 0.5 },
     '14,9' => { bullet: '',
     hp: 5,
     color: 'blue',
     x: 14,
     y: 9,
     direction: 'left',
     id: 'SkSpciLxz',
     probability: 0.49999999999999994 } } }
[]
{ tankId: 'SkSpciLxz',
  nextStep: 'move',
  direction: 'left',
  weight: 10 }
{ SkSpciLxz: 'move' }
27 '--------------------------------'
{ myTank: 
   [ { bullet: '',
       hp: 5,
       color: 'blue',
       x: 12,
       y: 9,
       direction: 'left',
       id: 'SkSpciLxz',
       probability: 0.5 },
     { bullet: '',
       hp: 5,
       color: 'blue',
       x: 13,
       y: 9,
       direction: 'left',
       id: 'SkSpciLxz',
       probability: 0.2 },
     { bullet: '',
       hp: 5,
       color: 'blue',
       x: 13,
       y: 9,
       direction: 'top',
       id: 'SkSpciLxz',
       probability: 0.09999999999999999 },
     { bullet: '',
       hp: 5,
       color: 'blue',
       x: 13,
       y: 9,
       direction: 'right',
       id: 'SkSpciLxz',
       probability: 0.09999999999999999 },
     { bullet: '',
       hp: 5,
       color: 'blue',
       x: 13,
       y: 9,
       direction: 'down',
       id: 'SkSpciLxz',
       probability: 0.09999999999999999 } ],
  myTankProbabilityMap: 
   Map {
     '12,9' => { bullet: '',
     hp: 5,
     color: 'blue',
     x: 12,
     y: 9,
     direction: 'left',
     id: 'SkSpciLxz',
     probability: 0.5 },
     '13,9' => { bullet: '',
     hp: 5,
     color: 'blue',
     x: 13,
     y: 9,
     direction: 'left',
     id: 'SkSpciLxz',
     probability: 0.49999999999999994 } } }
[]
{ tankId: 'SkSpciLxz',
  nextStep: 'move',
  direction: 'left',
  weight: 10 }
{ SkSpciLxz: 'move' }
28 '--------------------------------'
{ myTank: 
   [ { bullet: '',
       hp: 5,
       color: 'blue',
       x: 11,
       y: 9,
       direction: 'left',
       id: 'SkSpciLxz',
       probability: 0.5 },
     { bullet: '',
       hp: 5,
       color: 'blue',
       x: 12,
       y: 9,
       direction: 'left',
       id: 'SkSpciLxz',
       probability: 0.2 },
     { bullet: '',
       hp: 5,
       color: 'blue',
       x: 12,
       y: 9,
       direction: 'top',
       id: 'SkSpciLxz',
       probability: 0.09999999999999999 },
     { bullet: '',
       hp: 5,
       color: 'blue',
       x: 12,
       y: 9,
       direction: 'right',
       id: 'SkSpciLxz',
       probability: 0.09999999999999999 },
     { bullet: '',
       hp: 5,
       color: 'blue',
       x: 12,
       y: 9,
       direction: 'down',
       id: 'SkSpciLxz',
       probability: 0.09999999999999999 } ],
  myTankProbabilityMap: 
   Map {
     '11,9' => { bullet: '',
     hp: 5,
     color: 'blue',
     x: 11,
     y: 9,
     direction: 'left',
     id: 'SkSpciLxz',
     probability: 0.5 },
     '12,9' => { bullet: '',
     hp: 5,
     color: 'blue',
     x: 12,
     y: 9,
     direction: 'left',
     id: 'SkSpciLxz',
     probability: 0.49999999999999994 } } }
[]
{ tankId: 'SkSpciLxz',
  nextStep: 'move',
  direction: 'left',
  weight: 10 }
{ SkSpciLxz: 'move' }
29 '--------------------------------'
{ myTank: 
   [ { bullet: '',
       hp: 5,
       color: 'blue',
       x: 10,
       y: 9,
       direction: 'left',
       id: 'SkSpciLxz',
       probability: 0.5 },
     { bullet: '',
       hp: 5,
       color: 'blue',
       x: 11,
       y: 9,
       direction: 'left',
       id: 'SkSpciLxz',
       probability: 0.2 },
     { bullet: '',
       hp: 5,
       color: 'blue',
       x: 11,
       y: 9,
       direction: 'top',
       id: 'SkSpciLxz',
       probability: 0.09999999999999999 },
     { bullet: '',
       hp: 5,
       color: 'blue',
       x: 11,
       y: 9,
       direction: 'right',
       id: 'SkSpciLxz',
       probability: 0.09999999999999999 },
     { bullet: '',
       hp: 5,
       color: 'blue',
       x: 11,
       y: 9,
       direction: 'down',
       id: 'SkSpciLxz',
       probability: 0.09999999999999999 } ],
  myTankProbabilityMap: 
   Map {
     '10,9' => { bullet: '',
     hp: 5,
     color: 'blue',
     x: 10,
     y: 9,
     direction: 'left',
     id: 'SkSpciLxz',
     probability: 0.5 },
     '11,9' => { bullet: '',
     hp: 5,
     color: 'blue',
     x: 11,
     y: 9,
     direction: 'left',
     id: 'SkSpciLxz',
     probability: 0.49999999999999994 } } }
[]
{ tankId: 'SkSpciLxz',
  nextStep: 'move',
  direction: 'left',
  weight: 10 }
{ SkSpciLxz: 'move' }
30 '--------------------------------'
{ myTank: 
   [ { bullet: '',
       hp: 5,
       color: 'blue',
       x: 9,
       y: 9,
       direction: 'left',
       id: 'SkSpciLxz',
       probability: 0.5 },
     { bullet: '',
       hp: 5,
       color: 'blue',
       x: 10,
       y: 9,
       direction: 'left',
       id: 'SkSpciLxz',
       probability: 0.2 },
     { bullet: '',
       hp: 5,
       color: 'blue',
       x: 10,
       y: 9,
       direction: 'top',
       id: 'SkSpciLxz',
       probability: 0.09999999999999999 },
     { bullet: '',
       hp: 5,
       color: 'blue',
       x: 10,
       y: 9,
       direction: 'right',
       id: 'SkSpciLxz',
       probability: 0.09999999999999999 },
     { bullet: '',
       hp: 5,
       color: 'blue',
       x: 10,
       y: 9,
       direction: 'down',
       id: 'SkSpciLxz',
       probability: 0.09999999999999999 } ],
  myTankProbabilityMap: 
   Map {
     '9,9' => { bullet: '',
     hp: 5,
     color: 'blue',
     x: 9,
     y: 9,
     direction: 'left',
     id: 'SkSpciLxz',
     probability: 0.5 },
     '10,9' => { bullet: '',
     hp: 5,
     color: 'blue',
     x: 10,
     y: 9,
     direction: 'left',
     id: 'SkSpciLxz',
     probability: 0.49999999999999994 } } }
[]
{ tankId: 'SkSpciLxz',
  nextStep: 'move',
  direction: 'left',
  weight: 10 }
{ SkSpciLxz: 'move' }
31 '--------------------------------'
{ myTank: 
   [ { bullet: '',
       hp: 5,
       color: 'blue',
       x: 8,
       y: 9,
       direction: 'left',
       id: 'SkSpciLxz',
       probability: 0.5 },
     { bullet: '',
       hp: 5,
       color: 'blue',
       x: 9,
       y: 9,
       direction: 'left',
       id: 'SkSpciLxz',
       probability: 0.2 },
     { bullet: '',
       hp: 5,
       color: 'blue',
       x: 9,
       y: 9,
       direction: 'top',
       id: 'SkSpciLxz',
       probability: 0.09999999999999999 },
     { bullet: '',
       hp: 5,
       color: 'blue',
       x: 9,
       y: 9,
       direction: 'right',
       id: 'SkSpciLxz',
       probability: 0.09999999999999999 },
     { bullet: '',
       hp: 5,
       color: 'blue',
       x: 9,
       y: 9,
       direction: 'down',
       id: 'SkSpciLxz',
       probability: 0.09999999999999999 } ],
  myTankProbabilityMap: 
   Map {
     '8,9' => { bullet: '',
     hp: 5,
     color: 'blue',
     x: 8,
     y: 9,
     direction: 'left',
     id: 'SkSpciLxz',
     probability: 0.5 },
     '9,9' => { bullet: '',
     hp: 5,
     color: 'blue',
     x: 9,
     y: 9,
     direction: 'left',
     id: 'SkSpciLxz',
     probability: 0.49999999999999994 } } }
[]
{}
32 '--------------------------------'
{ myTank: 
   [ { bullet: '',
       hp: 5,
       color: 'blue',
       x: 8,
       y: 9,
       direction: 'left',
       id: 'SkSpciLxz',
       probability: 0.5 },
     { bullet: '',
       hp: 5,
       color: 'blue',
       x: 9,
       y: 9,
       direction: 'left',
       id: 'SkSpciLxz',
       probability: 0.2 },
     { bullet: '',
       hp: 5,
       color: 'blue',
       x: 9,
       y: 9,
       direction: 'top',
       id: 'SkSpciLxz',
       probability: 0.09999999999999999 },
     { bullet: '',
       hp: 5,
       color: 'blue',
       x: 9,
       y: 9,
       direction: 'right',
       id: 'SkSpciLxz',
       probability: 0.09999999999999999 },
     { bullet: '',
       hp: 5,
       color: 'blue',
       x: 9,
       y: 9,
       direction: 'down',
       id: 'SkSpciLxz',
       probability: 0.09999999999999999 } ],
  myTankProbabilityMap: 
   Map {
     '8,9' => { bullet: '',
     hp: 5,
     color: 'blue',
     x: 8,
     y: 9,
     direction: 'left',
     id: 'SkSpciLxz',
     probability: 0.5 },
     '9,9' => { bullet: '',
     hp: 5,
     color: 'blue',
     x: 9,
     y: 9,
     direction: 'left',
     id: 'SkSpciLxz',
     probability: 0.49999999999999994 } } }
[]
{}
33 '--------------------------------'
{ myTank: 
   [ { bullet: '',
       hp: 5,
       color: 'blue',
       x: 8,
       y: 9,
       direction: 'left',
       id: 'SkSpciLxz',
       probability: 0.5 },
     { bullet: '',
       hp: 5,
       color: 'blue',
       x: 9,
       y: 9,
       direction: 'left',
       id: 'SkSpciLxz',
       probability: 0.2 },
     { bullet: '',
       hp: 5,
       color: 'blue',
       x: 9,
       y: 9,
       direction: 'top',
       id: 'SkSpciLxz',
       probability: 0.09999999999999999 },
     { bullet: '',
       hp: 5,
       color: 'blue',
       x: 9,
       y: 9,
       direction: 'right',
       id: 'SkSpciLxz',
       probability: 0.09999999999999999 },
     { bullet: '',
       hp: 5,
       color: 'blue',
       x: 9,
       y: 9,
       direction: 'down',
       id: 'SkSpciLxz',
       probability: 0.09999999999999999 } ],
  myTankProbabilityMap: 
   Map {
     '8,9' => { bullet: '',
     hp: 5,
     color: 'blue',
     x: 8,
     y: 9,
     direction: 'left',
     id: 'SkSpciLxz',
     probability: 0.5 },
     '9,9' => { bullet: '',
     hp: 5,
     color: 'blue',
     x: 9,
     y: 9,
     direction: 'left',
     id: 'SkSpciLxz',
     probability: 0.49999999999999994 } } }
[]
{}
34 '--------------------------------'
{ myTank: 
   [ { bullet: '',
       hp: 5,
       color: 'blue',
       x: 8,
       y: 9,
       direction: 'left',
       id: 'SkSpciLxz',
       probability: 0.5 },
     { bullet: '',
       hp: 5,
       color: 'blue',
       x: 9,
       y: 9,
       direction: 'left',
       id: 'SkSpciLxz',
       probability: 0.2 },
     { bullet: '',
       hp: 5,
       color: 'blue',
       x: 9,
       y: 9,
       direction: 'top',
       id: 'SkSpciLxz',
       probability: 0.09999999999999999 },
     { bullet: '',
       hp: 5,
       color: 'blue',
       x: 9,
       y: 9,
       direction: 'right',
       id: 'SkSpciLxz',
       probability: 0.09999999999999999 },
     { bullet: '',
       hp: 5,
       color: 'blue',
       x: 9,
       y: 9,
       direction: 'down',
       id: 'SkSpciLxz',
       probability: 0.09999999999999999 } ],
  myTankProbabilityMap: 
   Map {
     '8,9' => { bullet: '',
     hp: 5,
     color: 'blue',
     x: 8,
     y: 9,
     direction: 'left',
     id: 'SkSpciLxz',
     probability: 0.5 },
     '9,9' => { bullet: '',
     hp: 5,
     color: 'blue',
     x: 9,
     y: 9,
     direction: 'left',
     id: 'SkSpciLxz',
     probability: 0.49999999999999994 } } }
[]
{}
35 '--------------------------------'
{ myTank: 
   [ { bullet: '',
       hp: 5,
       color: 'blue',
       x: 8,
       y: 9,
       direction: 'left',
       id: 'SkSpciLxz',
       probability: 0.5 },
     { bullet: '',
       hp: 5,
       color: 'blue',
       x: 9,
       y: 9,
       direction: 'left',
       id: 'SkSpciLxz',
       probability: 0.2 },
     { bullet: '',
       hp: 5,
       color: 'blue',
       x: 9,
       y: 9,
       direction: 'top',
       id: 'SkSpciLxz',
       probability: 0.09999999999999999 },
     { bullet: '',
       hp: 5,
       color: 'blue',
       x: 9,
       y: 9,
       direction: 'right',
       id: 'SkSpciLxz',
       probability: 0.09999999999999999 },
     { bullet: '',
       hp: 5,
       color: 'blue',
       x: 9,
       y: 9,
       direction: 'down',
       id: 'SkSpciLxz',
       probability: 0.09999999999999999 } ],
  myTankProbabilityMap: 
   Map {
     '8,9' => { bullet: '',
     hp: 5,
     color: 'blue',
     x: 8,
     y: 9,
     direction: 'left',
     id: 'SkSpciLxz',
     probability: 0.5 },
     '9,9' => { bullet: '',
     hp: 5,
     color: 'blue',
     x: 9,
     y: 9,
     direction: 'left',
     id: 'SkSpciLxz',
     probability: 0.49999999999999994 } } }
[]
{}
36 '--------------------------------'
{ myTank: 
   [ { bullet: '',
       hp: 5,
       color: 'blue',
       x: 8,
       y: 9,
       direction: 'left',
       id: 'SkSpciLxz',
       probability: 0.5 },
     { bullet: '',
       hp: 5,
       color: 'blue',
       x: 9,
       y: 9,
       direction: 'left',
       id: 'SkSpciLxz',
       probability: 0.2 },
     { bullet: '',
       hp: 5,
       color: 'blue',
       x: 9,
       y: 9,
       direction: 'top',
       id: 'SkSpciLxz',
       probability: 0.09999999999999999 },
     { bullet: '',
       hp: 5,
       color: 'blue',
       x: 9,
       y: 9,
       direction: 'right',
       id: 'SkSpciLxz',
       probability: 0.09999999999999999 },
     { bullet: '',
       hp: 5,
       color: 'blue',
       x: 9,
       y: 9,
       direction: 'down',
       id: 'SkSpciLxz',
       probability: 0.09999999999999999 } ],
  myTankProbabilityMap: 
   Map {
     '8,9' => { bullet: '',
     hp: 5,
     color: 'blue',
     x: 8,
     y: 9,
     direction: 'left',
     id: 'SkSpciLxz',
     probability: 0.5 },
     '9,9' => { bullet: '',
     hp: 5,
     color: 'blue',
     x: 9,
     y: 9,
     direction: 'left',
     id: 'SkSpciLxz',
     probability: 0.49999999999999994 } } }
[]
{}
37 '--------------------------------'
{ myTank: 
   [ { bullet: '',
       hp: 5,
       color: 'blue',
       x: 8,
       y: 9,
       direction: 'left',
       id: 'SkSpciLxz',
       probability: 0.5 },
     { bullet: '',
       hp: 5,
       color: 'blue',
       x: 9,
       y: 9,
       direction: 'left',
       id: 'SkSpciLxz',
       probability: 0.2 },
     { bullet: '',
       hp: 5,
       color: 'blue',
       x: 9,
       y: 9,
       direction: 'top',
       id: 'SkSpciLxz',
       probability: 0.09999999999999999 },
     { bullet: '',
       hp: 5,
       color: 'blue',
       x: 9,
       y: 9,
       direction: 'right',
       id: 'SkSpciLxz',
       probability: 0.09999999999999999 },
     { bullet: '',
       hp: 5,
       color: 'blue',
       x: 9,
       y: 9,
       direction: 'down',
       id: 'SkSpciLxz',
       probability: 0.09999999999999999 } ],
  myTankProbabilityMap: 
   Map {
     '8,9' => { bullet: '',
     hp: 5,
     color: 'blue',
     x: 8,
     y: 9,
     direction: 'left',
     id: 'SkSpciLxz',
     probability: 0.5 },
     '9,9' => { bullet: '',
     hp: 5,
     color: 'blue',
     x: 9,
     y: 9,
     direction: 'left',
     id: 'SkSpciLxz',
     probability: 0.49999999999999994 } } }
[]
{}
38 '--------------------------------'
{ myTank: 
   [ { bullet: '',
       hp: 5,
       color: 'blue',
       x: 8,
       y: 9,
       direction: 'left',
       id: 'SkSpciLxz',
       probability: 0.5 },
     { bullet: '',
       hp: 5,
       color: 'blue',
       x: 9,
       y: 9,
       direction: 'left',
       id: 'SkSpciLxz',
       probability: 0.2 },
     { bullet: '',
       hp: 5,
       color: 'blue',
       x: 9,
       y: 9,
       direction: 'top',
       id: 'SkSpciLxz',
       probability: 0.09999999999999999 },
     { bullet: '',
       hp: 5,
       color: 'blue',
       x: 9,
       y: 9,
       direction: 'right',
       id: 'SkSpciLxz',
       probability: 0.09999999999999999 },
     { bullet: '',
       hp: 5,
       color: 'blue',
       x: 9,
       y: 9,
       direction: 'down',
       id: 'SkSpciLxz',
       probability: 0.09999999999999999 } ],
  myTankProbabilityMap: 
   Map {
     '8,9' => { bullet: '',
     hp: 5,
     color: 'blue',
     x: 8,
     y: 9,
     direction: 'left',
     id: 'SkSpciLxz',
     probability: 0.5 },
     '9,9' => { bullet: '',
     hp: 5,
     color: 'blue',
     x: 9,
     y: 9,
     direction: 'left',
     id: 'SkSpciLxz',
     probability: 0.49999999999999994 } } }
[]
{}
39 '--------------------------------'
{ myTank: 
   [ { bullet: '',
       hp: 5,
       color: 'blue',
       x: 8,
       y: 9,
       direction: 'left',
       id: 'SkSpciLxz',
       probability: 0.5 },
     { bullet: '',
       hp: 5,
       color: 'blue',
       x: 9,
       y: 9,
       direction: 'left',
       id: 'SkSpciLxz',
       probability: 0.2 },
     { bullet: '',
       hp: 5,
       color: 'blue',
       x: 9,
       y: 9,
       direction: 'top',
       id: 'SkSpciLxz',
       probability: 0.09999999999999999 },
     { bullet: '',
       hp: 5,
       color: 'blue',
       x: 9,
       y: 9,
       direction: 'right',
       id: 'SkSpciLxz',
       probability: 0.09999999999999999 },
     { bullet: '',
       hp: 5,
       color: 'blue',
       x: 9,
       y: 9,
       direction: 'down',
       id: 'SkSpciLxz',
       probability: 0.09999999999999999 } ],
  myTankProbabilityMap: 
   Map {
     '8,9' => { bullet: '',
     hp: 5,
     color: 'blue',
     x: 8,
     y: 9,
     direction: 'left',
     id: 'SkSpciLxz',
     probability: 0.5 },
     '9,9' => { bullet: '',
     hp: 5,
     color: 'blue',
     x: 9,
     y: 9,
     direction: 'left',
     id: 'SkSpciLxz',
     probability: 0.49999999999999994 } } }
[]
{}
40 '--------------------------------'
{ myTank: 
   [ { bullet: '',
       hp: 5,
       color: 'blue',
       x: 8,
       y: 9,
       direction: 'left',
       id: 'SkSpciLxz',
       probability: 0.5 },
     { bullet: '',
       hp: 5,
       color: 'blue',
       x: 9,
       y: 9,
       direction: 'left',
       id: 'SkSpciLxz',
       probability: 0.2 },
     { bullet: '',
       hp: 5,
       color: 'blue',
       x: 9,
       y: 9,
       direction: 'top',
       id: 'SkSpciLxz',
       probability: 0.09999999999999999 },
     { bullet: '',
       hp: 5,
       color: 'blue',
       x: 9,
       y: 9,
       direction: 'right',
       id: 'SkSpciLxz',
       probability: 0.09999999999999999 },
     { bullet: '',
       hp: 5,
       color: 'blue',
       x: 9,
       y: 9,
       direction: 'down',
       id: 'SkSpciLxz',
       probability: 0.09999999999999999 } ],
  myTankProbabilityMap: 
   Map {
     '8,9' => { bullet: '',
     hp: 5,
     color: 'blue',
     x: 8,
     y: 9,
     direction: 'left',
     id: 'SkSpciLxz',
     probability: 0.5 },
     '9,9' => { bullet: '',
     hp: 5,
     color: 'blue',
     x: 9,
     y: 9,
     direction: 'left',
     id: 'SkSpciLxz',
     probability: 0.49999999999999994 } } }
[]
{}
41 '--------------------------------'
{ myTank: 
   [ { bullet: '',
       hp: 5,
       color: 'blue',
       x: 8,
       y: 9,
       direction: 'left',
       id: 'SkSpciLxz',
       probability: 0.5 },
     { bullet: '',
       hp: 5,
       color: 'blue',
       x: 9,
       y: 9,
       direction: 'left',
       id: 'SkSpciLxz',
       probability: 0.2 },
     { bullet: '',
       hp: 5,
       color: 'blue',
       x: 9,
       y: 9,
       direction: 'top',
       id: 'SkSpciLxz',
       probability: 0.09999999999999999 },
     { bullet: '',
       hp: 5,
       color: 'blue',
       x: 9,
       y: 9,
       direction: 'right',
       id: 'SkSpciLxz',
       probability: 0.09999999999999999 },
     { bullet: '',
       hp: 5,
       color: 'blue',
       x: 9,
       y: 9,
       direction: 'down',
       id: 'SkSpciLxz',
       probability: 0.09999999999999999 } ],
  myTankProbabilityMap: 
   Map {
     '8,9' => { bullet: '',
     hp: 5,
     color: 'blue',
     x: 8,
     y: 9,
     direction: 'left',
     id: 'SkSpciLxz',
     probability: 0.5 },
     '9,9' => { bullet: '',
     hp: 5,
     color: 'blue',
     x: 9,
     y: 9,
     direction: 'left',
     id: 'SkSpciLxz',
     probability: 0.49999999999999994 } } }
[]
{}
42 '--------------------------------'
{ myTank: 
   [ { bullet: '',
       hp: 5,
       color: 'blue',
       x: 8,
       y: 9,
       direction: 'left',
       id: 'SkSpciLxz',
       probability: 0.5 },
     { bullet: '',
       hp: 5,
       color: 'blue',
       x: 9,
       y: 9,
       direction: 'left',
       id: 'SkSpciLxz',
       probability: 0.2 },
     { bullet: '',
       hp: 5,
       color: 'blue',
       x: 9,
       y: 9,
       direction: 'top',
       id: 'SkSpciLxz',
       probability: 0.09999999999999999 },
     { bullet: '',
       hp: 5,
       color: 'blue',
       x: 9,
       y: 9,
       direction: 'right',
       id: 'SkSpciLxz',
       probability: 0.09999999999999999 },
     { bullet: '',
       hp: 5,
       color: 'blue',
       x: 9,
       y: 9,
       direction: 'down',
       id: 'SkSpciLxz',
       probability: 0.09999999999999999 } ],
  myTankProbabilityMap: 
   Map {
     '8,9' => { bullet: '',
     hp: 5,
     color: 'blue',
     x: 8,
     y: 9,
     direction: 'left',
     id: 'SkSpciLxz',
     probability: 0.5 },
     '9,9' => { bullet: '',
     hp: 5,
     color: 'blue',
     x: 9,
     y: 9,
     direction: 'left',
     id: 'SkSpciLxz',
     probability: 0.49999999999999994 } } }
[]
{}
43 '--------------------------------'
{ myTank: 
   [ { bullet: '',
       hp: 5,
       color: 'blue',
       x: 8,
       y: 9,
       direction: 'left',
       id: 'SkSpciLxz',
       probability: 0.5 },
     { bullet: '',
       hp: 5,
       color: 'blue',
       x: 9,
       y: 9,
       direction: 'left',
       id: 'SkSpciLxz',
       probability: 0.2 },
     { bullet: '',
       hp: 5,
       color: 'blue',
       x: 9,
       y: 9,
       direction: 'top',
       id: 'SkSpciLxz',
       probability: 0.09999999999999999 },
     { bullet: '',
       hp: 5,
       color: 'blue',
       x: 9,
       y: 9,
       direction: 'right',
       id: 'SkSpciLxz',
       probability: 0.09999999999999999 },
     { bullet: '',
       hp: 5,
       color: 'blue',
       x: 9,
       y: 9,
       direction: 'down',
       id: 'SkSpciLxz',
       probability: 0.09999999999999999 } ],
  myTankProbabilityMap: 
   Map {
     '8,9' => { bullet: '',
     hp: 5,
     color: 'blue',
     x: 8,
     y: 9,
     direction: 'left',
     id: 'SkSpciLxz',
     probability: 0.5 },
     '9,9' => { bullet: '',
     hp: 5,
     color: 'blue',
     x: 9,
     y: 9,
     direction: 'left',
     id: 'SkSpciLxz',
     probability: 0.49999999999999994 } } }
[]
{}
44 '--------------------------------'
{ myTank: 
   [ { bullet: '',
       hp: 5,
       color: 'blue',
       x: 8,
       y: 9,
       direction: 'left',
       id: 'SkSpciLxz',
       probability: 0.5 },
     { bullet: '',
       hp: 5,
       color: 'blue',
       x: 9,
       y: 9,
       direction: 'left',
       id: 'SkSpciLxz',
       probability: 0.2 },
     { bullet: '',
       hp: 5,
       color: 'blue',
       x: 9,
       y: 9,
       direction: 'top',
       id: 'SkSpciLxz',
       probability: 0.09999999999999999 },
     { bullet: '',
       hp: 5,
       color: 'blue',
       x: 9,
       y: 9,
       direction: 'right',
       id: 'SkSpciLxz',
       probability: 0.09999999999999999 },
     { bullet: '',
       hp: 5,
       color: 'blue',
       x: 9,
       y: 9,
       direction: 'down',
       id: 'SkSpciLxz',
       probability: 0.09999999999999999 } ],
  myTankProbabilityMap: 
   Map {
     '8,9' => { bullet: '',
     hp: 5,
     color: 'blue',
     x: 8,
     y: 9,
     direction: 'left',
     id: 'SkSpciLxz',
     probability: 0.5 },
     '9,9' => { bullet: '',
     hp: 5,
     color: 'blue',
     x: 9,
     y: 9,
     direction: 'left',
     id: 'SkSpciLxz',
     probability: 0.49999999999999994 } } }
[]
{}
45 '--------------------------------'
{ myTank: 
   [ { bullet: '',
       hp: 5,
       color: 'blue',
       x: 8,
       y: 9,
       direction: 'left',
       id: 'SkSpciLxz',
       probability: 0.5 },
     { bullet: '',
       hp: 5,
       color: 'blue',
       x: 9,
       y: 9,
       direction: 'left',
       id: 'SkSpciLxz',
       probability: 0.2 },
     { bullet: '',
       hp: 5,
       color: 'blue',
       x: 9,
       y: 9,
       direction: 'top',
       id: 'SkSpciLxz',
       probability: 0.09999999999999999 },
     { bullet: '',
       hp: 5,
       color: 'blue',
       x: 9,
       y: 9,
       direction: 'right',
       id: 'SkSpciLxz',
       probability: 0.09999999999999999 },
     { bullet: '',
       hp: 5,
       color: 'blue',
       x: 9,
       y: 9,
       direction: 'down',
       id: 'SkSpciLxz',
       probability: 0.09999999999999999 } ],
  myTankProbabilityMap: 
   Map {
     '8,9' => { bullet: '',
     hp: 5,
     color: 'blue',
     x: 8,
     y: 9,
     direction: 'left',
     id: 'SkSpciLxz',
     probability: 0.5 },
     '9,9' => { bullet: '',
     hp: 5,
     color: 'blue',
     x: 9,
     y: 9,
     direction: 'left',
     id: 'SkSpciLxz',
     probability: 0.49999999999999994 } } }
[]
{}
46 '--------------------------------'
{ myTank: 
   [ { bullet: '',
       hp: 5,
       color: 'blue',
       x: 8,
       y: 9,
       direction: 'left',
       id: 'SkSpciLxz',
       probability: 0.5 },
     { bullet: '',
       hp: 5,
       color: 'blue',
       x: 9,
       y: 9,
       direction: 'left',
       id: 'SkSpciLxz',
       probability: 0.2 },
     { bullet: '',
       hp: 5,
       color: 'blue',
       x: 9,
       y: 9,
       direction: 'top',
       id: 'SkSpciLxz',
       probability: 0.09999999999999999 },
     { bullet: '',
       hp: 5,
       color: 'blue',
       x: 9,
       y: 9,
       direction: 'right',
       id: 'SkSpciLxz',
       probability: 0.09999999999999999 },
     { bullet: '',
       hp: 5,
       color: 'blue',
       x: 9,
       y: 9,
       direction: 'down',
       id: 'SkSpciLxz',
       probability: 0.09999999999999999 } ],
  myTankProbabilityMap: 
   Map {
     '8,9' => { bullet: '',
     hp: 5,
     color: 'blue',
     x: 8,
     y: 9,
     direction: 'left',
     id: 'SkSpciLxz',
     probability: 0.5 },
     '9,9' => { bullet: '',
     hp: 5,
     color: 'blue',
     x: 9,
     y: 9,
     direction: 'left',
     id: 'SkSpciLxz',
     probability: 0.49999999999999994 } } }
[]
{}
47 '--------------------------------'
{ myTank: 
   [ { bullet: '',
       hp: 5,
       color: 'blue',
       x: 8,
       y: 9,
       direction: 'left',
       id: 'SkSpciLxz',
       probability: 0.5 },
     { bullet: '',
       hp: 5,
       color: 'blue',
       x: 9,
       y: 9,
       direction: 'left',
       id: 'SkSpciLxz',
       probability: 0.2 },
     { bullet: '',
       hp: 5,
       color: 'blue',
       x: 9,
       y: 9,
       direction: 'top',
       id: 'SkSpciLxz',
       probability: 0.09999999999999999 },
     { bullet: '',
       hp: 5,
       color: 'blue',
       x: 9,
       y: 9,
       direction: 'right',
       id: 'SkSpciLxz',
       probability: 0.09999999999999999 },
     { bullet: '',
       hp: 5,
       color: 'blue',
       x: 9,
       y: 9,
       direction: 'down',
       id: 'SkSpciLxz',
       probability: 0.09999999999999999 } ],
  myTankProbabilityMap: 
   Map {
     '8,9' => { bullet: '',
     hp: 5,
     color: 'blue',
     x: 8,
     y: 9,
     direction: 'left',
     id: 'SkSpciLxz',
     probability: 0.5 },
     '9,9' => { bullet: '',
     hp: 5,
     color: 'blue',
     x: 9,
     y: 9,
     direction: 'left',
     id: 'SkSpciLxz',
     probability: 0.49999999999999994 } } }
[]
{}
48 '--------------------------------'
{ myTank: 
   [ { bullet: '',
       hp: 5,
       color: 'blue',
       x: 8,
       y: 9,
       direction: 'left',
       id: 'SkSpciLxz',
       probability: 0.5 },
     { bullet: '',
       hp: 5,
       color: 'blue',
       x: 9,
       y: 9,
       direction: 'left',
       id: 'SkSpciLxz',
       probability: 0.2 },
     { bullet: '',
       hp: 5,
       color: 'blue',
       x: 9,
       y: 9,
       direction: 'top',
       id: 'SkSpciLxz',
       probability: 0.09999999999999999 },
     { bullet: '',
       hp: 5,
       color: 'blue',
       x: 9,
       y: 9,
       direction: 'right',
       id: 'SkSpciLxz',
       probability: 0.09999999999999999 },
     { bullet: '',
       hp: 5,
       color: 'blue',
       x: 9,
       y: 9,
       direction: 'down',
       id: 'SkSpciLxz',
       probability: 0.09999999999999999 } ],
  myTankProbabilityMap: 
   Map {
     '8,9' => { bullet: '',
     hp: 5,
     color: 'blue',
     x: 8,
     y: 9,
     direction: 'left',
     id: 'SkSpciLxz',
     probability: 0.5 },
     '9,9' => { bullet: '',
     hp: 5,
     color: 'blue',
     x: 9,
     y: 9,
     direction: 'left',
     id: 'SkSpciLxz',
     probability: 0.49999999999999994 } } }
[]
{}
49 '--------------------------------'
{ myTank: 
   [ { bullet: '',
       hp: 5,
       color: 'blue',
       x: 8,
       y: 9,
       direction: 'left',
       id: 'SkSpciLxz',
       probability: 0.5 },
     { bullet: '',
       hp: 5,
       color: 'blue',
       x: 9,
       y: 9,
       direction: 'left',
       id: 'SkSpciLxz',
       probability: 0.2 },
     { bullet: '',
       hp: 5,
       color: 'blue',
       x: 9,
       y: 9,
       direction: 'top',
       id: 'SkSpciLxz',
       probability: 0.09999999999999999 },
     { bullet: '',
       hp: 5,
       color: 'blue',
       x: 9,
       y: 9,
       direction: 'right',
       id: 'SkSpciLxz',
       probability: 0.09999999999999999 },
     { bullet: '',
       hp: 5,
       color: 'blue',
       x: 9,
       y: 9,
       direction: 'down',
       id: 'SkSpciLxz',
       probability: 0.09999999999999999 } ],
  myTankProbabilityMap: 
   Map {
     '8,9' => { bullet: '',
     hp: 5,
     color: 'blue',
     x: 8,
     y: 9,
     direction: 'left',
     id: 'SkSpciLxz',
     probability: 0.5 },
     '9,9' => { bullet: '',
     hp: 5,
     color: 'blue',
     x: 9,
     y: 9,
     direction: 'left',
     id: 'SkSpciLxz',
     probability: 0.49999999999999994 } } }
[]
{}
50 '--------------------------------'
{ myTank: 
   [ { bullet: '',
       hp: 5,
       color: 'blue',
       x: 8,
       y: 9,
       direction: 'left',
       id: 'SkSpciLxz',
       probability: 0.5 },
     { bullet: '',
       hp: 5,
       color: 'blue',
       x: 9,
       y: 9,
       direction: 'left',
       id: 'SkSpciLxz',
       probability: 0.2 },
     { bullet: '',
       hp: 5,
       color: 'blue',
       x: 9,
       y: 9,
       direction: 'top',
       id: 'SkSpciLxz',
       probability: 0.09999999999999999 },
     { bullet: '',
       hp: 5,
       color: 'blue',
       x: 9,
       y: 9,
       direction: 'right',
       id: 'SkSpciLxz',
       probability: 0.09999999999999999 },
     { bullet: '',
       hp: 5,
       color: 'blue',
       x: 9,
       y: 9,
       direction: 'down',
       id: 'SkSpciLxz',
       probability: 0.09999999999999999 } ],
  myTankProbabilityMap: 
   Map {
     '8,9' => { bullet: '',
     hp: 5,
     color: 'blue',
     x: 8,
     y: 9,
     direction: 'left',
     id: 'SkSpciLxz',
     probability: 0.5 },
     '9,9' => { bullet: '',
     hp: 5,
     color: 'blue',
     x: 9,
     y: 9,
     direction: 'left',
     id: 'SkSpciLxz',
     probability: 0.49999999999999994 } } }
[]
{}
51 '--------------------------------'
{ myTank: 
   [ { bullet: '',
       hp: 5,
       color: 'blue',
       x: 8,
       y: 9,
       direction: 'left',
       id: 'SkSpciLxz',
       probability: 0.5 },
     { bullet: '',
       hp: 5,
       color: 'blue',
       x: 9,
       y: 9,
       direction: 'left',
       id: 'SkSpciLxz',
       probability: 0.2 },
     { bullet: '',
       hp: 5,
       color: 'blue',
       x: 9,
       y: 9,
       direction: 'top',
       id: 'SkSpciLxz',
       probability: 0.09999999999999999 },
     { bullet: '',
       hp: 5,
       color: 'blue',
       x: 9,
       y: 9,
       direction: 'right',
       id: 'SkSpciLxz',
       probability: 0.09999999999999999 },
     { bullet: '',
       hp: 5,
       color: 'blue',
       x: 9,
       y: 9,
       direction: 'down',
       id: 'SkSpciLxz',
       probability: 0.09999999999999999 } ],
  myTankProbabilityMap: 
   Map {
     '8,9' => { bullet: '',
     hp: 5,
     color: 'blue',
     x: 8,
     y: 9,
     direction: 'left',
     id: 'SkSpciLxz',
     probability: 0.5 },
     '9,9' => { bullet: '',
     hp: 5,
     color: 'blue',
     x: 9,
     y: 9,
     direction: 'left',
     id: 'SkSpciLxz',
     probability: 0.49999999999999994 } } }
[]
{}
52 '--------------------------------'
{ myTank: 
   [ { bullet: '',
       hp: 5,
       color: 'blue',
       x: 8,
       y: 9,
       direction: 'left',
       id: 'SkSpciLxz',
       probability: 0.5 },
     { bullet: '',
       hp: 5,
       color: 'blue',
       x: 9,
       y: 9,
       direction: 'left',
       id: 'SkSpciLxz',
       probability: 0.2 },
     { bullet: '',
       hp: 5,
       color: 'blue',
       x: 9,
       y: 9,
       direction: 'top',
       id: 'SkSpciLxz',
       probability: 0.09999999999999999 },
     { bullet: '',
       hp: 5,
       color: 'blue',
       x: 9,
       y: 9,
       direction: 'right',
       id: 'SkSpciLxz',
       probability: 0.09999999999999999 },
     { bullet: '',
       hp: 5,
       color: 'blue',
       x: 9,
       y: 9,
       direction: 'down',
       id: 'SkSpciLxz',
       probability: 0.09999999999999999 } ],
  myTankProbabilityMap: 
   Map {
     '8,9' => { bullet: '',
     hp: 5,
     color: 'blue',
     x: 8,
     y: 9,
     direction: 'left',
     id: 'SkSpciLxz',
     probability: 0.5 },
     '9,9' => { bullet: '',
     hp: 5,
     color: 'blue',
     x: 9,
     y: 9,
     direction: 'left',
     id: 'SkSpciLxz',
     probability: 0.49999999999999994 } } }
[]
{}
53 '--------------------------------'
{ myTank: 
   [ { bullet: '',
       hp: 5,
       color: 'blue',
       x: 8,
       y: 9,
       direction: 'left',
       id: 'SkSpciLxz',
       probability: 0.5 },
     { bullet: '',
       hp: 5,
       color: 'blue',
       x: 9,
       y: 9,
       direction: 'left',
       id: 'SkSpciLxz',
       probability: 0.2 },
     { bullet: '',
       hp: 5,
       color: 'blue',
       x: 9,
       y: 9,
       direction: 'top',
       id: 'SkSpciLxz',
       probability: 0.09999999999999999 },
     { bullet: '',
       hp: 5,
       color: 'blue',
       x: 9,
       y: 9,
       direction: 'right',
       id: 'SkSpciLxz',
       probability: 0.09999999999999999 },
     { bullet: '',
       hp: 5,
       color: 'blue',
       x: 9,
       y: 9,
       direction: 'down',
       id: 'SkSpciLxz',
       probability: 0.09999999999999999 } ],
  myTankProbabilityMap: 
   Map {
     '8,9' => { bullet: '',
     hp: 5,
     color: 'blue',
     x: 8,
     y: 9,
     direction: 'left',
     id: 'SkSpciLxz',
     probability: 0.5 },
     '9,9' => { bullet: '',
     hp: 5,
     color: 'blue',
     x: 9,
     y: 9,
     direction: 'left',
     id: 'SkSpciLxz',
     probability: 0.49999999999999994 } } }
[]
{}
54 '--------------------------------'
{ myTank: 
   [ { bullet: '',
       hp: 5,
       color: 'blue',
       x: 8,
       y: 9,
       direction: 'left',
       id: 'SkSpciLxz',
       probability: 0.5 },
     { bullet: '',
       hp: 5,
       color: 'blue',
       x: 9,
       y: 9,
       direction: 'left',
       id: 'SkSpciLxz',
       probability: 0.2 },
     { bullet: '',
       hp: 5,
       color: 'blue',
       x: 9,
       y: 9,
       direction: 'top',
       id: 'SkSpciLxz',
       probability: 0.09999999999999999 },
     { bullet: '',
       hp: 5,
       color: 'blue',
       x: 9,
       y: 9,
       direction: 'right',
       id: 'SkSpciLxz',
       probability: 0.09999999999999999 },
     { bullet: '',
       hp: 5,
       color: 'blue',
       x: 9,
       y: 9,
       direction: 'down',
       id: 'SkSpciLxz',
       probability: 0.09999999999999999 } ],
  myTankProbabilityMap: 
   Map {
     '8,9' => { bullet: '',
     hp: 5,
     color: 'blue',
     x: 8,
     y: 9,
     direction: 'left',
     id: 'SkSpciLxz',
     probability: 0.5 },
     '9,9' => { bullet: '',
     hp: 5,
     color: 'blue',
     x: 9,
     y: 9,
     direction: 'left',
     id: 'SkSpciLxz',
     probability: 0.49999999999999994 } } }
[]
{}
55 '--------------------------------'
{ myTank: 
   [ { bullet: '',
       hp: 5,
       color: 'blue',
       x: 8,
       y: 9,
       direction: 'left',
       id: 'SkSpciLxz',
       probability: 0.5 },
     { bullet: '',
       hp: 5,
       color: 'blue',
       x: 9,
       y: 9,
       direction: 'left',
       id: 'SkSpciLxz',
       probability: 0.2 },
     { bullet: '',
       hp: 5,
       color: 'blue',
       x: 9,
       y: 9,
       direction: 'top',
       id: 'SkSpciLxz',
       probability: 0.09999999999999999 },
     { bullet: '',
       hp: 5,
       color: 'blue',
       x: 9,
       y: 9,
       direction: 'right',
       id: 'SkSpciLxz',
       probability: 0.09999999999999999 },
     { bullet: '',
       hp: 5,
       color: 'blue',
       x: 9,
       y: 9,
       direction: 'down',
       id: 'SkSpciLxz',
       probability: 0.09999999999999999 } ],
  myTankProbabilityMap: 
   Map {
     '8,9' => { bullet: '',
     hp: 5,
     color: 'blue',
     x: 8,
     y: 9,
     direction: 'left',
     id: 'SkSpciLxz',
     probability: 0.5 },
     '9,9' => { bullet: '',
     hp: 5,
     color: 'blue',
     x: 9,
     y: 9,
     direction: 'left',
     id: 'SkSpciLxz',
     probability: 0.49999999999999994 } } }
[]
{}
56 '--------------------------------'
{ myTank: 
   [ { bullet: '',
       hp: 5,
       color: 'blue',
       x: 8,
       y: 9,
       direction: 'left',
       id: 'SkSpciLxz',
       probability: 0.5 },
     { bullet: '',
       hp: 5,
       color: 'blue',
       x: 9,
       y: 9,
       direction: 'left',
       id: 'SkSpciLxz',
       probability: 0.2 },
     { bullet: '',
       hp: 5,
       color: 'blue',
       x: 9,
       y: 9,
       direction: 'top',
       id: 'SkSpciLxz',
       probability: 0.09999999999999999 },
     { bullet: '',
       hp: 5,
       color: 'blue',
       x: 9,
       y: 9,
       direction: 'right',
       id: 'SkSpciLxz',
       probability: 0.09999999999999999 },
     { bullet: '',
       hp: 5,
       color: 'blue',
       x: 9,
       y: 9,
       direction: 'down',
       id: 'SkSpciLxz',
       probability: 0.09999999999999999 } ],
  myTankProbabilityMap: 
   Map {
     '8,9' => { bullet: '',
     hp: 5,
     color: 'blue',
     x: 8,
     y: 9,
     direction: 'left',
     id: 'SkSpciLxz',
     probability: 0.5 },
     '9,9' => { bullet: '',
     hp: 5,
     color: 'blue',
     x: 9,
     y: 9,
     direction: 'left',
     id: 'SkSpciLxz',
     probability: 0.49999999999999994 } } }
[]
{}
57 '--------------------------------'
{ myTank: 
   [ { bullet: '',
       hp: 5,
       color: 'blue',
       x: 8,
       y: 9,
       direction: 'left',
       id: 'SkSpciLxz',
       probability: 0.5 },
     { bullet: '',
       hp: 5,
       color: 'blue',
       x: 9,
       y: 9,
       direction: 'left',
       id: 'SkSpciLxz',
       probability: 0.2 },
     { bullet: '',
       hp: 5,
       color: 'blue',
       x: 9,
       y: 9,
       direction: 'top',
       id: 'SkSpciLxz',
       probability: 0.09999999999999999 },
     { bullet: '',
       hp: 5,
       color: 'blue',
       x: 9,
       y: 9,
       direction: 'right',
       id: 'SkSpciLxz',
       probability: 0.09999999999999999 },
     { bullet: '',
       hp: 5,
       color: 'blue',
       x: 9,
       y: 9,
       direction: 'down',
       id: 'SkSpciLxz',
       probability: 0.09999999999999999 } ],
  myTankProbabilityMap: 
   Map {
     '8,9' => { bullet: '',
     hp: 5,
     color: 'blue',
     x: 8,
     y: 9,
     direction: 'left',
     id: 'SkSpciLxz',
     probability: 0.5 },
     '9,9' => { bullet: '',
     hp: 5,
     color: 'blue',
     x: 9,
     y: 9,
     direction: 'left',
     id: 'SkSpciLxz',
     probability: 0.49999999999999994 } } }
[]
{}
58 '--------------------------------'
{ myTank: 
   [ { bullet: '',
       hp: 5,
       color: 'blue',
       x: 8,
       y: 9,
       direction: 'left',
       id: 'SkSpciLxz',
       probability: 0.5 },
     { bullet: '',
       hp: 5,
       color: 'blue',
       x: 9,
       y: 9,
       direction: 'left',
       id: 'SkSpciLxz',
       probability: 0.2 },
     { bullet: '',
       hp: 5,
       color: 'blue',
       x: 9,
       y: 9,
       direction: 'top',
       id: 'SkSpciLxz',
       probability: 0.09999999999999999 },
     { bullet: '',
       hp: 5,
       color: 'blue',
       x: 9,
       y: 9,
       direction: 'right',
       id: 'SkSpciLxz',
       probability: 0.09999999999999999 },
     { bullet: '',
       hp: 5,
       color: 'blue',
       x: 9,
       y: 9,
       direction: 'down',
       id: 'SkSpciLxz',
       probability: 0.09999999999999999 } ],
  myTankProbabilityMap: 
   Map {
     '8,9' => { bullet: '',
     hp: 5,
     color: 'blue',
     x: 8,
     y: 9,
     direction: 'left',
     id: 'SkSpciLxz',
     probability: 0.5 },
     '9,9' => { bullet: '',
     hp: 5,
     color: 'blue',
     x: 9,
     y: 9,
     direction: 'left',
     id: 'SkSpciLxz',
     probability: 0.49999999999999994 } } }
[]
{}
59 '--------------------------------'
{ myTank: 
   [ { bullet: '',
       hp: 5,
       color: 'blue',
       x: 8,
       y: 9,
       direction: 'left',
       id: 'SkSpciLxz',
       probability: 0.5 },
     { bullet: '',
       hp: 5,
       color: 'blue',
       x: 9,
       y: 9,
       direction: 'left',
       id: 'SkSpciLxz',
       probability: 0.2 },
     { bullet: '',
       hp: 5,
       color: 'blue',
       x: 9,
       y: 9,
       direction: 'top',
       id: 'SkSpciLxz',
       probability: 0.09999999999999999 },
     { bullet: '',
       hp: 5,
       color: 'blue',
       x: 9,
       y: 9,
       direction: 'right',
       id: 'SkSpciLxz',
       probability: 0.09999999999999999 },
     { bullet: '',
       hp: 5,
       color: 'blue',
       x: 9,
       y: 9,
       direction: 'down',
       id: 'SkSpciLxz',
       probability: 0.09999999999999999 } ],
  myTankProbabilityMap: 
   Map {
     '8,9' => { bullet: '',
     hp: 5,
     color: 'blue',
     x: 8,
     y: 9,
     direction: 'left',
     id: 'SkSpciLxz',
     probability: 0.5 },
     '9,9' => { bullet: '',
     hp: 5,
     color: 'blue',
     x: 9,
     y: 9,
     direction: 'left',
     id: 'SkSpciLxz',
     probability: 0.49999999999999994 } } }
[]
{}
60 '--------------------------------'
{ myTank: 
   [ { bullet: '',
       hp: 5,
       color: 'blue',
       x: 8,
       y: 9,
       direction: 'left',
       id: 'SkSpciLxz',
       probability: 0.5 },
     { bullet: '',
       hp: 5,
       color: 'blue',
       x: 9,
       y: 9,
       direction: 'left',
       id: 'SkSpciLxz',
       probability: 0.2 },
     { bullet: '',
       hp: 5,
       color: 'blue',
       x: 9,
       y: 9,
       direction: 'top',
       id: 'SkSpciLxz',
       probability: 0.09999999999999999 },
     { bullet: '',
       hp: 5,
       color: 'blue',
       x: 9,
       y: 9,
       direction: 'right',
       id: 'SkSpciLxz',
       probability: 0.09999999999999999 },
     { bullet: '',
       hp: 5,
       color: 'blue',
       x: 9,
       y: 9,
       direction: 'down',
       id: 'SkSpciLxz',
       probability: 0.09999999999999999 } ],
  myTankProbabilityMap: 
   Map {
     '8,9' => { bullet: '',
     hp: 5,
     color: 'blue',
     x: 8,
     y: 9,
     direction: 'left',
     id: 'SkSpciLxz',
     probability: 0.5 },
     '9,9' => { bullet: '',
     hp: 5,
     color: 'blue',
     x: 9,
     y: 9,
     direction: 'left',
     id: 'SkSpciLxz',
     probability: 0.49999999999999994 } } }
[]
{}
61 '--------------------------------'
{ myTank: 
   [ { bullet: '',
       hp: 5,
       color: 'blue',
       x: 8,
       y: 9,
       direction: 'left',
       id: 'SkSpciLxz',
       probability: 0.5 },
     { bullet: '',
       hp: 5,
       color: 'blue',
       x: 9,
       y: 9,
       direction: 'left',
       id: 'SkSpciLxz',
       probability: 0.2 },
     { bullet: '',
       hp: 5,
       color: 'blue',
       x: 9,
       y: 9,
       direction: 'top',
       id: 'SkSpciLxz',
       probability: 0.09999999999999999 },
     { bullet: '',
       hp: 5,
       color: 'blue',
       x: 9,
       y: 9,
       direction: 'right',
       id: 'SkSpciLxz',
       probability: 0.09999999999999999 },
     { bullet: '',
       hp: 5,
       color: 'blue',
       x: 9,
       y: 9,
       direction: 'down',
       id: 'SkSpciLxz',
       probability: 0.09999999999999999 } ],
  myTankProbabilityMap: 
   Map {
     '8,9' => { bullet: '',
     hp: 5,
     color: 'blue',
     x: 8,
     y: 9,
     direction: 'left',
     id: 'SkSpciLxz',
     probability: 0.5 },
     '9,9' => { bullet: '',
     hp: 5,
     color: 'blue',
     x: 9,
     y: 9,
     direction: 'left',
     id: 'SkSpciLxz',
     probability: 0.49999999999999994 } } }
[]
{}
62 '--------------------------------'
{ myTank: 
   [ { bullet: '',
       hp: 5,
       color: 'blue',
       x: 8,
       y: 9,
       direction: 'left',
       id: 'SkSpciLxz',
       probability: 0.5 },
     { bullet: '',
       hp: 5,
       color: 'blue',
       x: 9,
       y: 9,
       direction: 'left',
       id: 'SkSpciLxz',
       probability: 0.2 },
     { bullet: '',
       hp: 5,
       color: 'blue',
       x: 9,
       y: 9,
       direction: 'top',
       id: 'SkSpciLxz',
       probability: 0.09999999999999999 },
     { bullet: '',
       hp: 5,
       color: 'blue',
       x: 9,
       y: 9,
       direction: 'right',
       id: 'SkSpciLxz',
       probability: 0.09999999999999999 },
     { bullet: '',
       hp: 5,
       color: 'blue',
       x: 9,
       y: 9,
       direction: 'down',
       id: 'SkSpciLxz',
       probability: 0.09999999999999999 } ],
  myTankProbabilityMap: 
   Map {
     '8,9' => { bullet: '',
     hp: 5,
     color: 'blue',
     x: 8,
     y: 9,
     direction: 'left',
     id: 'SkSpciLxz',
     probability: 0.5 },
     '9,9' => { bullet: '',
     hp: 5,
     color: 'blue',
     x: 9,
     y: 9,
     direction: 'left',
     id: 'SkSpciLxz',
     probability: 0.49999999999999994 } } }
[]
{}
63 '--------------------------------'
{ myTank: 
   [ { bullet: '',
       hp: 5,
       color: 'blue',
       x: 8,
       y: 9,
       direction: 'left',
       id: 'SkSpciLxz',
       probability: 0.5 },
     { bullet: '',
       hp: 5,
       color: 'blue',
       x: 9,
       y: 9,
       direction: 'left',
       id: 'SkSpciLxz',
       probability: 0.2 },
     { bullet: '',
       hp: 5,
       color: 'blue',
       x: 9,
       y: 9,
       direction: 'top',
       id: 'SkSpciLxz',
       probability: 0.09999999999999999 },
     { bullet: '',
       hp: 5,
       color: 'blue',
       x: 9,
       y: 9,
       direction: 'right',
       id: 'SkSpciLxz',
       probability: 0.09999999999999999 },
     { bullet: '',
       hp: 5,
       color: 'blue',
       x: 9,
       y: 9,
       direction: 'down',
       id: 'SkSpciLxz',
       probability: 0.09999999999999999 } ],
  myTankProbabilityMap: 
   Map {
     '8,9' => { bullet: '',
     hp: 5,
     color: 'blue',
     x: 8,
     y: 9,
     direction: 'left',
     id: 'SkSpciLxz',
     probability: 0.5 },
     '9,9' => { bullet: '',
     hp: 5,
     color: 'blue',
     x: 9,
     y: 9,
     direction: 'left',
     id: 'SkSpciLxz',
     probability: 0.49999999999999994 } } }
[]
{}
64 '--------------------------------'
{ myTank: 
   [ { bullet: '',
       hp: 5,
       color: 'blue',
       x: 8,
       y: 9,
       direction: 'left',
       id: 'SkSpciLxz',
       probability: 0.5 },
     { bullet: '',
       hp: 5,
       color: 'blue',
       x: 9,
       y: 9,
       direction: 'left',
       id: 'SkSpciLxz',
       probability: 0.2 },
     { bullet: '',
       hp: 5,
       color: 'blue',
       x: 9,
       y: 9,
       direction: 'top',
       id: 'SkSpciLxz',
       probability: 0.09999999999999999 },
     { bullet: '',
       hp: 5,
       color: 'blue',
       x: 9,
       y: 9,
       direction: 'right',
       id: 'SkSpciLxz',
       probability: 0.09999999999999999 },
     { bullet: '',
       hp: 5,
       color: 'blue',
       x: 9,
       y: 9,
       direction: 'down',
       id: 'SkSpciLxz',
       probability: 0.09999999999999999 } ],
  myTankProbabilityMap: 
   Map {
     '8,9' => { bullet: '',
     hp: 5,
     color: 'blue',
     x: 8,
     y: 9,
     direction: 'left',
     id: 'SkSpciLxz',
     probability: 0.5 },
     '9,9' => { bullet: '',
     hp: 5,
     color: 'blue',
     x: 9,
     y: 9,
     direction: 'left',
     id: 'SkSpciLxz',
     probability: 0.49999999999999994 } } }
[]
{}
65 '--------------------------------'
{ myTank: 
   [ { bullet: '',
       hp: 5,
       color: 'blue',
       x: 8,
       y: 9,
       direction: 'left',
       id: 'SkSpciLxz',
       probability: 0.5 },
     { bullet: '',
       hp: 5,
       color: 'blue',
       x: 9,
       y: 9,
       direction: 'left',
       id: 'SkSpciLxz',
       probability: 0.2 },
     { bullet: '',
       hp: 5,
       color: 'blue',
       x: 9,
       y: 9,
       direction: 'top',
       id: 'SkSpciLxz',
       probability: 0.09999999999999999 },
     { bullet: '',
       hp: 5,
       color: 'blue',
       x: 9,
       y: 9,
       direction: 'right',
       id: 'SkSpciLxz',
       probability: 0.09999999999999999 },
     { bullet: '',
       hp: 5,
       color: 'blue',
       x: 9,
       y: 9,
       direction: 'down',
       id: 'SkSpciLxz',
       probability: 0.09999999999999999 } ],
  myTankProbabilityMap: 
   Map {
     '8,9' => { bullet: '',
     hp: 5,
     color: 'blue',
     x: 8,
     y: 9,
     direction: 'left',
     id: 'SkSpciLxz',
     probability: 0.5 },
     '9,9' => { bullet: '',
     hp: 5,
     color: 'blue',
     x: 9,
     y: 9,
     direction: 'left',
     id: 'SkSpciLxz',
     probability: 0.49999999999999994 } } }
[]
{}
66 '--------------------------------'
{ myTank: 
   [ { bullet: '',
       hp: 5,
       color: 'blue',
       x: 8,
       y: 9,
       direction: 'left',
       id: 'SkSpciLxz',
       probability: 0.5 },
     { bullet: '',
       hp: 5,
       color: 'blue',
       x: 9,
       y: 9,
       direction: 'left',
       id: 'SkSpciLxz',
       probability: 0.2 },
     { bullet: '',
       hp: 5,
       color: 'blue',
       x: 9,
       y: 9,
       direction: 'top',
       id: 'SkSpciLxz',
       probability: 0.09999999999999999 },
     { bullet: '',
       hp: 5,
       color: 'blue',
       x: 9,
       y: 9,
       direction: 'right',
       id: 'SkSpciLxz',
       probability: 0.09999999999999999 },
     { bullet: '',
       hp: 5,
       color: 'blue',
       x: 9,
       y: 9,
       direction: 'down',
       id: 'SkSpciLxz',
       probability: 0.09999999999999999 } ],
  myTankProbabilityMap: 
   Map {
     '8,9' => { bullet: '',
     hp: 5,
     color: 'blue',
     x: 8,
     y: 9,
     direction: 'left',
     id: 'SkSpciLxz',
     probability: 0.5 },
     '9,9' => { bullet: '',
     hp: 5,
     color: 'blue',
     x: 9,
     y: 9,
     direction: 'left',
     id: 'SkSpciLxz',
     probability: 0.49999999999999994 } } }
[]
{}
67 '--------------------------------'
{ myTank: 
   [ { bullet: '',
       hp: 5,
       color: 'blue',
       x: 8,
       y: 9,
       direction: 'left',
       id: 'SkSpciLxz',
       probability: 0.5 },
     { bullet: '',
       hp: 5,
       color: 'blue',
       x: 9,
       y: 9,
       direction: 'left',
       id: 'SkSpciLxz',
       probability: 0.2 },
     { bullet: '',
       hp: 5,
       color: 'blue',
       x: 9,
       y: 9,
       direction: 'top',
       id: 'SkSpciLxz',
       probability: 0.09999999999999999 },
     { bullet: '',
       hp: 5,
       color: 'blue',
       x: 9,
       y: 9,
       direction: 'right',
       id: 'SkSpciLxz',
       probability: 0.09999999999999999 },
     { bullet: '',
       hp: 5,
       color: 'blue',
       x: 9,
       y: 9,
       direction: 'down',
       id: 'SkSpciLxz',
       probability: 0.09999999999999999 } ],
  myTankProbabilityMap: 
   Map {
     '8,9' => { bullet: '',
     hp: 5,
     color: 'blue',
     x: 8,
     y: 9,
     direction: 'left',
     id: 'SkSpciLxz',
     probability: 0.5 },
     '9,9' => { bullet: '',
     hp: 5,
     color: 'blue',
     x: 9,
     y: 9,
     direction: 'left',
     id: 'SkSpciLxz',
     probability: 0.49999999999999994 } } }
[]
{}
68 '--------------------------------'
{ myTank: 
   [ { bullet: '',
       hp: 5,
       color: 'blue',
       x: 8,
       y: 9,
       direction: 'left',
       id: 'SkSpciLxz',
       probability: 0.5 },
     { bullet: '',
       hp: 5,
       color: 'blue',
       x: 9,
       y: 9,
       direction: 'left',
       id: 'SkSpciLxz',
       probability: 0.2 },
     { bullet: '',
       hp: 5,
       color: 'blue',
       x: 9,
       y: 9,
       direction: 'top',
       id: 'SkSpciLxz',
       probability: 0.09999999999999999 },
     { bullet: '',
       hp: 5,
       color: 'blue',
       x: 9,
       y: 9,
       direction: 'right',
       id: 'SkSpciLxz',
       probability: 0.09999999999999999 },
     { bullet: '',
       hp: 5,
       color: 'blue',
       x: 9,
       y: 9,
       direction: 'down',
       id: 'SkSpciLxz',
       probability: 0.09999999999999999 } ],
  myTankProbabilityMap: 
   Map {
     '8,9' => { bullet: '',
     hp: 5,
     color: 'blue',
     x: 8,
     y: 9,
     direction: 'left',
     id: 'SkSpciLxz',
     probability: 0.5 },
     '9,9' => { bullet: '',
     hp: 5,
     color: 'blue',
     x: 9,
     y: 9,
     direction: 'left',
     id: 'SkSpciLxz',
     probability: 0.49999999999999994 } } }
[]
{}
69 '--------------------------------'
{ myTank: 
   [ { bullet: '',
       hp: 5,
       color: 'blue',
       x: 8,
       y: 9,
       direction: 'left',
       id: 'SkSpciLxz',
       probability: 0.5 },
     { bullet: '',
       hp: 5,
       color: 'blue',
       x: 9,
       y: 9,
       direction: 'left',
       id: 'SkSpciLxz',
       probability: 0.2 },
     { bullet: '',
       hp: 5,
       color: 'blue',
       x: 9,
       y: 9,
       direction: 'top',
       id: 'SkSpciLxz',
       probability: 0.09999999999999999 },
     { bullet: '',
       hp: 5,
       color: 'blue',
       x: 9,
       y: 9,
       direction: 'right',
       id: 'SkSpciLxz',
       probability: 0.09999999999999999 },
     { bullet: '',
       hp: 5,
       color: 'blue',
       x: 9,
       y: 9,
       direction: 'down',
       id: 'SkSpciLxz',
       probability: 0.09999999999999999 } ],
  myTankProbabilityMap: 
   Map {
     '8,9' => { bullet: '',
     hp: 5,
     color: 'blue',
     x: 8,
     y: 9,
     direction: 'left',
     id: 'SkSpciLxz',
     probability: 0.5 },
     '9,9' => { bullet: '',
     hp: 5,
     color: 'blue',
     x: 9,
     y: 9,
     direction: 'left',
     id: 'SkSpciLxz',
     probability: 0.49999999999999994 } } }
[]
{}
70 '--------------------------------'
{ myTank: 
   [ { bullet: '',
       hp: 5,
       color: 'blue',
       x: 8,
       y: 9,
       direction: 'left',
       id: 'SkSpciLxz',
       probability: 0.5 },
     { bullet: '',
       hp: 5,
       color: 'blue',
       x: 9,
       y: 9,
       direction: 'left',
       id: 'SkSpciLxz',
       probability: 0.2 },
     { bullet: '',
       hp: 5,
       color: 'blue',
       x: 9,
       y: 9,
       direction: 'top',
       id: 'SkSpciLxz',
       probability: 0.09999999999999999 },
     { bullet: '',
       hp: 5,
       color: 'blue',
       x: 9,
       y: 9,
       direction: 'right',
       id: 'SkSpciLxz',
       probability: 0.09999999999999999 },
     { bullet: '',
       hp: 5,
       color: 'blue',
       x: 9,
       y: 9,
       direction: 'down',
       id: 'SkSpciLxz',
       probability: 0.09999999999999999 } ],
  myTankProbabilityMap: 
   Map {
     '8,9' => { bullet: '',
     hp: 5,
     color: 'blue',
     x: 8,
     y: 9,
     direction: 'left',
     id: 'SkSpciLxz',
     probability: 0.5 },
     '9,9' => { bullet: '',
     hp: 5,
     color: 'blue',
     x: 9,
     y: 9,
     direction: 'left',
     id: 'SkSpciLxz',
     probability: 0.49999999999999994 } } }
[]
{}
71 '--------------------------------'
{ myTank: 
   [ { bullet: '',
       hp: 5,
       color: 'blue',
       x: 8,
       y: 9,
       direction: 'left',
       id: 'SkSpciLxz',
       probability: 0.5 },
     { bullet: '',
       hp: 5,
       color: 'blue',
       x: 9,
       y: 9,
       direction: 'left',
       id: 'SkSpciLxz',
       probability: 0.2 },
     { bullet: '',
       hp: 5,
       color: 'blue',
       x: 9,
       y: 9,
       direction: 'top',
       id: 'SkSpciLxz',
       probability: 0.09999999999999999 },
     { bullet: '',
       hp: 5,
       color: 'blue',
       x: 9,
       y: 9,
       direction: 'right',
       id: 'SkSpciLxz',
       probability: 0.09999999999999999 },
     { bullet: '',
       hp: 5,
       color: 'blue',
       x: 9,
       y: 9,
       direction: 'down',
       id: 'SkSpciLxz',
       probability: 0.09999999999999999 } ],
  myTankProbabilityMap: 
   Map {
     '8,9' => { bullet: '',
     hp: 5,
     color: 'blue',
     x: 8,
     y: 9,
     direction: 'left',
     id: 'SkSpciLxz',
     probability: 0.5 },
     '9,9' => { bullet: '',
     hp: 5,
     color: 'blue',
     x: 9,
     y: 9,
     direction: 'left',
     id: 'SkSpciLxz',
     probability: 0.49999999999999994 } } }
[]
{}
72 '--------------------------------'
{ myTank: 
   [ { bullet: '',
       hp: 5,
       color: 'blue',
       x: 8,
       y: 9,
       direction: 'left',
       id: 'SkSpciLxz',
       probability: 0.5 },
     { bullet: '',
       hp: 5,
       color: 'blue',
       x: 9,
       y: 9,
       direction: 'left',
       id: 'SkSpciLxz',
       probability: 0.2 },
     { bullet: '',
       hp: 5,
       color: 'blue',
       x: 9,
       y: 9,
       direction: 'top',
       id: 'SkSpciLxz',
       probability: 0.09999999999999999 },
     { bullet: '',
       hp: 5,
       color: 'blue',
       x: 9,
       y: 9,
       direction: 'right',
       id: 'SkSpciLxz',
       probability: 0.09999999999999999 },
     { bullet: '',
       hp: 5,
       color: 'blue',
       x: 9,
       y: 9,
       direction: 'down',
       id: 'SkSpciLxz',
       probability: 0.09999999999999999 } ],
  myTankProbabilityMap: 
   Map {
     '8,9' => { bullet: '',
     hp: 5,
     color: 'blue',
     x: 8,
     y: 9,
     direction: 'left',
     id: 'SkSpciLxz',
     probability: 0.5 },
     '9,9' => { bullet: '',
     hp: 5,
     color: 'blue',
     x: 9,
     y: 9,
     direction: 'left',
     id: 'SkSpciLxz',
     probability: 0.49999999999999994 } } }
[]
{}
73 '--------------------------------'
{ myTank: 
   [ { bullet: '',
       hp: 5,
       color: 'blue',
       x: 8,
       y: 9,
       direction: 'left',
       id: 'SkSpciLxz',
       probability: 0.5 },
     { bullet: '',
       hp: 5,
       color: 'blue',
       x: 9,
       y: 9,
       direction: 'left',
       id: 'SkSpciLxz',
       probability: 0.2 },
     { bullet: '',
       hp: 5,
       color: 'blue',
       x: 9,
       y: 9,
       direction: 'top',
       id: 'SkSpciLxz',
       probability: 0.09999999999999999 },
     { bullet: '',
       hp: 5,
       color: 'blue',
       x: 9,
       y: 9,
       direction: 'right',
       id: 'SkSpciLxz',
       probability: 0.09999999999999999 },
     { bullet: '',
       hp: 5,
       color: 'blue',
       x: 9,
       y: 9,
       direction: 'down',
       id: 'SkSpciLxz',
       probability: 0.09999999999999999 } ],
  myTankProbabilityMap: 
   Map {
     '8,9' => { bullet: '',
     hp: 5,
     color: 'blue',
     x: 8,
     y: 9,
     direction: 'left',
     id: 'SkSpciLxz',
     probability: 0.5 },
     '9,9' => { bullet: '',
     hp: 5,
     color: 'blue',
     x: 9,
     y: 9,
     direction: 'left',
     id: 'SkSpciLxz',
     probability: 0.49999999999999994 } } }
[]
{}
74 '--------------------------------'
{ myTank: 
   [ { bullet: '',
       hp: 5,
       color: 'blue',
       x: 8,
       y: 9,
       direction: 'left',
       id: 'SkSpciLxz',
       probability: 0.5 },
     { bullet: '',
       hp: 5,
       color: 'blue',
       x: 9,
       y: 9,
       direction: 'left',
       id: 'SkSpciLxz',
       probability: 0.2 },
     { bullet: '',
       hp: 5,
       color: 'blue',
       x: 9,
       y: 9,
       direction: 'top',
       id: 'SkSpciLxz',
       probability: 0.09999999999999999 },
     { bullet: '',
       hp: 5,
       color: 'blue',
       x: 9,
       y: 9,
       direction: 'right',
       id: 'SkSpciLxz',
       probability: 0.09999999999999999 },
     { bullet: '',
       hp: 5,
       color: 'blue',
       x: 9,
       y: 9,
       direction: 'down',
       id: 'SkSpciLxz',
       probability: 0.09999999999999999 } ],
  myTankProbabilityMap: 
   Map {
     '8,9' => { bullet: '',
     hp: 5,
     color: 'blue',
     x: 8,
     y: 9,
     direction: 'left',
     id: 'SkSpciLxz',
     probability: 0.5 },
     '9,9' => { bullet: '',
     hp: 5,
     color: 'blue',
     x: 9,
     y: 9,
     direction: 'left',
     id: 'SkSpciLxz',
     probability: 0.49999999999999994 } } }
[]
{}
75 '--------------------------------'
{ myTank: 
   [ { bullet: '',
       hp: 5,
       color: 'blue',
       x: 8,
       y: 9,
       direction: 'left',
       id: 'SkSpciLxz',
       probability: 0.5 },
     { bullet: '',
       hp: 5,
       color: 'blue',
       x: 9,
       y: 9,
       direction: 'left',
       id: 'SkSpciLxz',
       probability: 0.2 },
     { bullet: '',
       hp: 5,
       color: 'blue',
       x: 9,
       y: 9,
       direction: 'top',
       id: 'SkSpciLxz',
       probability: 0.09999999999999999 },
     { bullet: '',
       hp: 5,
       color: 'blue',
       x: 9,
       y: 9,
       direction: 'right',
       id: 'SkSpciLxz',
       probability: 0.09999999999999999 },
     { bullet: '',
       hp: 5,
       color: 'blue',
       x: 9,
       y: 9,
       direction: 'down',
       id: 'SkSpciLxz',
       probability: 0.09999999999999999 } ],
  myTankProbabilityMap: 
   Map {
     '8,9' => { bullet: '',
     hp: 5,
     color: 'blue',
     x: 8,
     y: 9,
     direction: 'left',
     id: 'SkSpciLxz',
     probability: 0.5 },
     '9,9' => { bullet: '',
     hp: 5,
     color: 'blue',
     x: 9,
     y: 9,
     direction: 'left',
     id: 'SkSpciLxz',
     probability: 0.49999999999999994 } } }
[]
{}
76 '--------------------------------'
{ myTank: 
   [ { bullet: '',
       hp: 5,
       color: 'blue',
       x: 8,
       y: 9,
       direction: 'left',
       id: 'SkSpciLxz',
       probability: 0.5 },
     { bullet: '',
       hp: 5,
       color: 'blue',
       x: 9,
       y: 9,
       direction: 'left',
       id: 'SkSpciLxz',
       probability: 0.2 },
     { bullet: '',
       hp: 5,
       color: 'blue',
       x: 9,
       y: 9,
       direction: 'top',
       id: 'SkSpciLxz',
       probability: 0.09999999999999999 },
     { bullet: '',
       hp: 5,
       color: 'blue',
       x: 9,
       y: 9,
       direction: 'right',
       id: 'SkSpciLxz',
       probability: 0.09999999999999999 },
     { bullet: '',
       hp: 5,
       color: 'blue',
       x: 9,
       y: 9,
       direction: 'down',
       id: 'SkSpciLxz',
       probability: 0.09999999999999999 } ],
  myTankProbabilityMap: 
   Map {
     '8,9' => { bullet: '',
     hp: 5,
     color: 'blue',
     x: 8,
     y: 9,
     direction: 'left',
     id: 'SkSpciLxz',
     probability: 0.5 },
     '9,9' => { bullet: '',
     hp: 5,
     color: 'blue',
     x: 9,
     y: 9,
     direction: 'left',
     id: 'SkSpciLxz',
     probability: 0.49999999999999994 } } }
[]
{}
77 '--------------------------------'
{ myTank: 
   [ { bullet: '',
       hp: 5,
       color: 'blue',
       x: 8,
       y: 9,
       direction: 'left',
       id: 'SkSpciLxz',
       probability: 0.5 },
     { bullet: '',
       hp: 5,
       color: 'blue',
       x: 9,
       y: 9,
       direction: 'left',
       id: 'SkSpciLxz',
       probability: 0.2 },
     { bullet: '',
       hp: 5,
       color: 'blue',
       x: 9,
       y: 9,
       direction: 'top',
       id: 'SkSpciLxz',
       probability: 0.09999999999999999 },
     { bullet: '',
       hp: 5,
       color: 'blue',
       x: 9,
       y: 9,
       direction: 'right',
       id: 'SkSpciLxz',
       probability: 0.09999999999999999 },
     { bullet: '',
       hp: 5,
       color: 'blue',
       x: 9,
       y: 9,
       direction: 'down',
       id: 'SkSpciLxz',
       probability: 0.09999999999999999 } ],
  myTankProbabilityMap: 
   Map {
     '8,9' => { bullet: '',
     hp: 5,
     color: 'blue',
     x: 8,
     y: 9,
     direction: 'left',
     id: 'SkSpciLxz',
     probability: 0.5 },
     '9,9' => { bullet: '',
     hp: 5,
     color: 'blue',
     x: 9,
     y: 9,
     direction: 'left',
     id: 'SkSpciLxz',
     probability: 0.49999999999999994 } } }
[]
{}
78 '--------------------------------'
{ myTank: 
   [ { bullet: '',
       hp: 5,
       color: 'blue',
       x: 8,
       y: 9,
       direction: 'left',
       id: 'SkSpciLxz',
       probability: 0.5 },
     { bullet: '',
       hp: 5,
       color: 'blue',
       x: 9,
       y: 9,
       direction: 'left',
       id: 'SkSpciLxz',
       probability: 0.2 },
     { bullet: '',
       hp: 5,
       color: 'blue',
       x: 9,
       y: 9,
       direction: 'top',
       id: 'SkSpciLxz',
       probability: 0.09999999999999999 },
     { bullet: '',
       hp: 5,
       color: 'blue',
       x: 9,
       y: 9,
       direction: 'right',
       id: 'SkSpciLxz',
       probability: 0.09999999999999999 },
     { bullet: '',
       hp: 5,
       color: 'blue',
       x: 9,
       y: 9,
       direction: 'down',
       id: 'SkSpciLxz',
       probability: 0.09999999999999999 } ],
  myTankProbabilityMap: 
   Map {
     '8,9' => { bullet: '',
     hp: 5,
     color: 'blue',
     x: 8,
     y: 9,
     direction: 'left',
     id: 'SkSpciLxz',
     probability: 0.5 },
     '9,9' => { bullet: '',
     hp: 5,
     color: 'blue',
     x: 9,
     y: 9,
     direction: 'left',
     id: 'SkSpciLxz',
     probability: 0.49999999999999994 } } }
[]
{ tankId: 'SkSpciLxz',
  nextStep: 'turnTo',
  turnTo: 'left',
  direction: 'down',
  weight: 10 }
{ SkSpciLxz: 'left' }
79 '--------------------------------'
{ myTank: 
   [ { bullet: '',
       hp: 5,
       color: 'blue',
       x: 9,
       y: 10,
       direction: 'down',
       id: 'SkSpciLxz',
       probability: 0.5 },
     { bullet: '',
       hp: 5,
       color: 'blue',
       x: 9,
       y: 9,
       direction: 'down',
       id: 'SkSpciLxz',
       probability: 0.2 },
     { bullet: '',
       hp: 5,
       color: 'blue',
       x: 9,
       y: 9,
       direction: 'up',
       id: 'SkSpciLxz',
       probability: 0.09999999999999999 },
     { bullet: '',
       hp: 5,
       color: 'blue',
       x: 9,
       y: 9,
       direction: 'left',
       id: 'SkSpciLxz',
       probability: 0.09999999999999999 },
     { bullet: '',
       hp: 5,
       color: 'blue',
       x: 9,
       y: 9,
       direction: 'right',
       id: 'SkSpciLxz',
       probability: 0.09999999999999999 } ],
  myTankProbabilityMap: 
   Map {
     '9,10' => { bullet: '',
     hp: 5,
     color: 'blue',
     x: 9,
     y: 10,
     direction: 'down',
     id: 'SkSpciLxz',
     probability: 0.5 },
     '9,9' => { bullet: '',
     hp: 5,
     color: 'blue',
     x: 9,
     y: 9,
     direction: 'down',
     id: 'SkSpciLxz',
     probability: 0.49999999999999994 } } }
[]
{ tankId: 'SkSpciLxz',
  nextStep: 'move',
  direction: 'down',
  weight: 10 }
{ SkSpciLxz: 'move' }
80 '--------------------------------'
{ myTank: 
   [ { bullet: '',
       hp: 5,
       color: 'blue',
       x: 9,
       y: 11,
       direction: 'down',
       id: 'SkSpciLxz',
       probability: 0.5 },
     { bullet: '',
       hp: 5,
       color: 'blue',
       x: 9,
       y: 10,
       direction: 'down',
       id: 'SkSpciLxz',
       probability: 0.2 },
     { bullet: '',
       hp: 5,
       color: 'blue',
       x: 9,
       y: 10,
       direction: 'up',
       id: 'SkSpciLxz',
       probability: 0.09999999999999999 },
     { bullet: '',
       hp: 5,
       color: 'blue',
       x: 9,
       y: 10,
       direction: 'left',
       id: 'SkSpciLxz',
       probability: 0.09999999999999999 },
     { bullet: '',
       hp: 5,
       color: 'blue',
       x: 9,
       y: 10,
       direction: 'right',
       id: 'SkSpciLxz',
       probability: 0.09999999999999999 } ],
  myTankProbabilityMap: 
   Map {
     '9,11' => { bullet: '',
     hp: 5,
     color: 'blue',
     x: 9,
     y: 11,
     direction: 'down',
     id: 'SkSpciLxz',
     probability: 0.5 },
     '9,10' => { bullet: '',
     hp: 5,
     color: 'blue',
     x: 9,
     y: 10,
     direction: 'down',
     id: 'SkSpciLxz',
     probability: 0.49999999999999994 } } }
[]
{ tankId: 'SkSpciLxz',
  nextStep: 'turnTo',
  turnTo: 'left',
  direction: 'right',
  weight: 10 }
{ SkSpciLxz: 'left' }
81 '--------------------------------'
{ myTank: 
   [ { bullet: '',
       hp: 5,
       color: 'blue',
       x: 10,
       y: 10,
       direction: 'right',
       id: 'SkSpciLxz',
       probability: 0.5 },
     { bullet: '',
       hp: 5,
       color: 'blue',
       x: 9,
       y: 10,
       direction: 'right',
       id: 'SkSpciLxz',
       probability: 0.2 },
     { bullet: '',
       hp: 5,
       color: 'blue',
       x: 9,
       y: 10,
       direction: 'top',
       id: 'SkSpciLxz',
       probability: 0.09999999999999999 },
     { bullet: '',
       hp: 5,
       color: 'blue',
       x: 9,
       y: 10,
       direction: 'left',
       id: 'SkSpciLxz',
       probability: 0.09999999999999999 },
     { bullet: '',
       hp: 5,
       color: 'blue',
       x: 9,
       y: 10,
       direction: 'down',
       id: 'SkSpciLxz',
       probability: 0.09999999999999999 } ],
  myTankProbabilityMap: 
   Map {
     '10,10' => { bullet: '',
     hp: 5,
     color: 'blue',
     x: 10,
     y: 10,
     direction: 'right',
     id: 'SkSpciLxz',
     probability: 0.5 },
     '9,10' => { bullet: '',
     hp: 5,
     color: 'blue',
     x: 9,
     y: 10,
     direction: 'right',
     id: 'SkSpciLxz',
     probability: 0.49999999999999994 } } }
[]
{ tankId: 'SkSpciLxz',
  nextStep: 'move',
  direction: 'right',
  weight: 10 }
{ SkSpciLxz: 'move' }
82 '--------------------------------'
{ myTank: 
   [ { bullet: '',
       hp: 5,
       color: 'blue',
       x: 11,
       y: 10,
       direction: 'right',
       id: 'SkSpciLxz',
       probability: 0.5 },
     { bullet: '',
       hp: 5,
       color: 'blue',
       x: 10,
       y: 10,
       direction: 'right',
       id: 'SkSpciLxz',
       probability: 0.2 },
     { bullet: '',
       hp: 5,
       color: 'blue',
       x: 10,
       y: 10,
       direction: 'top',
       id: 'SkSpciLxz',
       probability: 0.09999999999999999 },
     { bullet: '',
       hp: 5,
       color: 'blue',
       x: 10,
       y: 10,
       direction: 'left',
       id: 'SkSpciLxz',
       probability: 0.09999999999999999 },
     { bullet: '',
       hp: 5,
       color: 'blue',
       x: 10,
       y: 10,
       direction: 'down',
       id: 'SkSpciLxz',
       probability: 0.09999999999999999 } ],
  myTankProbabilityMap: 
   Map {
     '11,10' => { bullet: '',
     hp: 5,
     color: 'blue',
     x: 11,
     y: 10,
     direction: 'right',
     id: 'SkSpciLxz',
     probability: 0.5 },
     '10,10' => { bullet: '',
     hp: 5,
     color: 'blue',
     x: 10,
     y: 10,
     direction: 'right',
     id: 'SkSpciLxz',
     probability: 0.49999999999999994 } } }
[]
{ tankId: 'SkSpciLxz',
  nextStep: 'move',
  direction: 'right',
  weight: 10 }
{ SkSpciLxz: 'move' }
83 '--------------------------------'
{ myTank: 
   [ { bullet: '',
       hp: 5,
       color: 'blue',
       x: 12,
       y: 10,
       direction: 'right',
       id: 'SkSpciLxz',
       probability: 0.5 },
     { bullet: '',
       hp: 5,
       color: 'blue',
       x: 11,
       y: 10,
       direction: 'right',
       id: 'SkSpciLxz',
       probability: 0.2 },
     { bullet: '',
       hp: 5,
       color: 'blue',
       x: 11,
       y: 10,
       direction: 'top',
       id: 'SkSpciLxz',
       probability: 0.09999999999999999 },
     { bullet: '',
       hp: 5,
       color: 'blue',
       x: 11,
       y: 10,
       direction: 'left',
       id: 'SkSpciLxz',
       probability: 0.09999999999999999 },
     { bullet: '',
       hp: 5,
       color: 'blue',
       x: 11,
       y: 10,
       direction: 'down',
       id: 'SkSpciLxz',
       probability: 0.09999999999999999 } ],
  myTankProbabilityMap: 
   Map {
     '12,10' => { bullet: '',
     hp: 5,
     color: 'blue',
     x: 12,
     y: 10,
     direction: 'right',
     id: 'SkSpciLxz',
     probability: 0.5 },
     '11,10' => { bullet: '',
     hp: 5,
     color: 'blue',
     x: 11,
     y: 10,
     direction: 'right',
     id: 'SkSpciLxz',
     probability: 0.49999999999999994 } } }
[]
{ tankId: 'SkSpciLxz',
  nextStep: 'move',
  direction: 'right',
  weight: 10 }
{ SkSpciLxz: 'move' }
84 '--------------------------------'
{ myTank: 
   [ { bullet: '',
       hp: 5,
       color: 'blue',
       x: 13,
       y: 10,
       direction: 'right',
       id: 'SkSpciLxz',
       probability: 0.5 },
     { bullet: '',
       hp: 5,
       color: 'blue',
       x: 12,
       y: 10,
       direction: 'right',
       id: 'SkSpciLxz',
       probability: 0.2 },
     { bullet: '',
       hp: 5,
       color: 'blue',
       x: 12,
       y: 10,
       direction: 'top',
       id: 'SkSpciLxz',
       probability: 0.09999999999999999 },
     { bullet: '',
       hp: 5,
       color: 'blue',
       x: 12,
       y: 10,
       direction: 'left',
       id: 'SkSpciLxz',
       probability: 0.09999999999999999 },
     { bullet: '',
       hp: 5,
       color: 'blue',
       x: 12,
       y: 10,
       direction: 'down',
       id: 'SkSpciLxz',
       probability: 0.09999999999999999 } ],
  myTankProbabilityMap: 
   Map {
     '13,10' => { bullet: '',
     hp: 5,
     color: 'blue',
     x: 13,
     y: 10,
     direction: 'right',
     id: 'SkSpciLxz',
     probability: 0.5 },
     '12,10' => { bullet: '',
     hp: 5,
     color: 'blue',
     x: 12,
     y: 10,
     direction: 'right',
     id: 'SkSpciLxz',
     probability: 0.49999999999999994 } } }
[]
{ tankId: 'SkSpciLxz',
  nextStep: 'move',
  direction: 'right',
  weight: 10 }
{ SkSpciLxz: 'move' }
85 '--------------------------------'
{ myTank: 
   [ { bullet: '',
       hp: 5,
       color: 'blue',
       x: 14,
       y: 10,
       direction: 'right',
       id: 'SkSpciLxz',
       probability: 0.5 },
     { bullet: '',
       hp: 5,
       color: 'blue',
       x: 13,
       y: 10,
       direction: 'right',
       id: 'SkSpciLxz',
       probability: 0.2 },
     { bullet: '',
       hp: 5,
       color: 'blue',
       x: 13,
       y: 10,
       direction: 'top',
       id: 'SkSpciLxz',
       probability: 0.09999999999999999 },
     { bullet: '',
       hp: 5,
       color: 'blue',
       x: 13,
       y: 10,
       direction: 'left',
       id: 'SkSpciLxz',
       probability: 0.09999999999999999 },
     { bullet: '',
       hp: 5,
       color: 'blue',
       x: 13,
       y: 10,
       direction: 'down',
       id: 'SkSpciLxz',
       probability: 0.09999999999999999 } ],
  myTankProbabilityMap: 
   Map {
     '14,10' => { bullet: '',
     hp: 5,
     color: 'blue',
     x: 14,
     y: 10,
     direction: 'right',
     id: 'SkSpciLxz',
     probability: 0.5 },
     '13,10' => { bullet: '',
     hp: 5,
     color: 'blue',
     x: 13,
     y: 10,
     direction: 'right',
     id: 'SkSpciLxz',
     probability: 0.49999999999999994 } } }
[]
{ tankId: 'SkSpciLxz',
  nextStep: 'move',
  direction: 'right',
  weight: 10 }
{ SkSpciLxz: 'move' }
86 '--------------------------------'
{ myTank: 
   [ { bullet: '',
       hp: 5,
       color: 'blue',
       x: 15,
       y: 10,
       direction: 'right',
       id: 'SkSpciLxz',
       probability: 0.5 },
     { bullet: '',
       hp: 5,
       color: 'blue',
       x: 14,
       y: 10,
       direction: 'right',
       id: 'SkSpciLxz',
       probability: 0.2 },
     { bullet: '',
       hp: 5,
       color: 'blue',
       x: 14,
       y: 10,
       direction: 'top',
       id: 'SkSpciLxz',
       probability: 0.09999999999999999 },
     { bullet: '',
       hp: 5,
       color: 'blue',
       x: 14,
       y: 10,
       direction: 'left',
       id: 'SkSpciLxz',
       probability: 0.09999999999999999 },
     { bullet: '',
       hp: 5,
       color: 'blue',
       x: 14,
       y: 10,
       direction: 'down',
       id: 'SkSpciLxz',
       probability: 0.09999999999999999 } ],
  myTankProbabilityMap: 
   Map {
     '15,10' => { bullet: '',
     hp: 5,
     color: 'blue',
     x: 15,
     y: 10,
     direction: 'right',
     id: 'SkSpciLxz',
     probability: 0.5 },
     '14,10' => { bullet: '',
     hp: 5,
     color: 'blue',
     x: 14,
     y: 10,
     direction: 'right',
     id: 'SkSpciLxz',
     probability: 0.49999999999999994 } } }
[]
{ tankId: 'SkSpciLxz',
  nextStep: 'move',
  direction: 'right',
  weight: 10 }
{ SkSpciLxz: 'move' }
87 '--------------------------------'
{ myTank: 
   [ { bullet: '',
       hp: 5,
       color: 'blue',
       x: 16,
       y: 10,
       direction: 'right',
       id: 'SkSpciLxz',
       probability: 0.5 },
     { bullet: '',
       hp: 5,
       color: 'blue',
       x: 15,
       y: 10,
       direction: 'right',
       id: 'SkSpciLxz',
       probability: 0.2 },
     { bullet: '',
       hp: 5,
       color: 'blue',
       x: 15,
       y: 10,
       direction: 'top',
       id: 'SkSpciLxz',
       probability: 0.09999999999999999 },
     { bullet: '',
       hp: 5,
       color: 'blue',
       x: 15,
       y: 10,
       direction: 'left',
       id: 'SkSpciLxz',
       probability: 0.09999999999999999 },
     { bullet: '',
       hp: 5,
       color: 'blue',
       x: 15,
       y: 10,
       direction: 'down',
       id: 'SkSpciLxz',
       probability: 0.09999999999999999 } ],
  myTankProbabilityMap: 
   Map {
     '16,10' => { bullet: '',
     hp: 5,
     color: 'blue',
     x: 16,
     y: 10,
     direction: 'right',
     id: 'SkSpciLxz',
     probability: 0.5 },
     '15,10' => { bullet: '',
     hp: 5,
     color: 'blue',
     x: 15,
     y: 10,
     direction: 'right',
     id: 'SkSpciLxz',
     probability: 0.49999999999999994 } } }
[]
{ tankId: 'SkSpciLxz',
  nextStep: 'turnTo',
  turnTo: 'right',
  direction: 'down',
  weight: 10 }
{ SkSpciLxz: 'right' }
88 '--------------------------------'
{ myTank: 
   [ { bullet: '',
       hp: 5,
       color: 'blue',
       x: 15,
       y: 11,
       direction: 'down',
       id: 'SkSpciLxz',
       probability: 0.5 },
     { bullet: '',
       hp: 5,
       color: 'blue',
       x: 15,
       y: 10,
       direction: 'down',
       id: 'SkSpciLxz',
       probability: 0.2 },
     { bullet: '',
       hp: 5,
       color: 'blue',
       x: 15,
       y: 10,
       direction: 'up',
       id: 'SkSpciLxz',
       probability: 0.09999999999999999 },
     { bullet: '',
       hp: 5,
       color: 'blue',
       x: 15,
       y: 10,
       direction: 'left',
       id: 'SkSpciLxz',
       probability: 0.09999999999999999 },
     { bullet: '',
       hp: 5,
       color: 'blue',
       x: 15,
       y: 10,
       direction: 'right',
       id: 'SkSpciLxz',
       probability: 0.09999999999999999 } ],
  myTankProbabilityMap: 
   Map {
     '15,11' => { bullet: '',
     hp: 5,
     color: 'blue',
     x: 15,
     y: 11,
     direction: 'down',
     id: 'SkSpciLxz',
     probability: 0.5 },
     '15,10' => { bullet: '',
     hp: 5,
     color: 'blue',
     x: 15,
     y: 10,
     direction: 'down',
     id: 'SkSpciLxz',
     probability: 0.49999999999999994 } } }
[]
{ tankId: 'SkSpciLxz',
  nextStep: 'move',
  direction: 'down',
  weight: 10 }
{ SkSpciLxz: 'move' }
89 '--------------------------------'
{ myTank: 
   [ { bullet: '',
       hp: 5,
       color: 'blue',
       x: 15,
       y: 12,
       direction: 'down',
       id: 'SkSpciLxz',
       probability: 0.5 },
     { bullet: '',
       hp: 5,
       color: 'blue',
       x: 15,
       y: 11,
       direction: 'down',
       id: 'SkSpciLxz',
       probability: 0.2 },
     { bullet: '',
       hp: 5,
       color: 'blue',
       x: 15,
       y: 11,
       direction: 'up',
       id: 'SkSpciLxz',
       probability: 0.09999999999999999 },
     { bullet: '',
       hp: 5,
       color: 'blue',
       x: 15,
       y: 11,
       direction: 'left',
       id: 'SkSpciLxz',
       probability: 0.09999999999999999 },
     { bullet: '',
       hp: 5,
       color: 'blue',
       x: 15,
       y: 11,
       direction: 'right',
       id: 'SkSpciLxz',
       probability: 0.09999999999999999 } ],
  myTankProbabilityMap: 
   Map {
     '15,12' => { bullet: '',
     hp: 5,
     color: 'blue',
     x: 15,
     y: 12,
     direction: 'down',
     id: 'SkSpciLxz',
     probability: 0.5 },
     '15,11' => { bullet: '',
     hp: 5,
     color: 'blue',
     x: 15,
     y: 11,
     direction: 'down',
     id: 'SkSpciLxz',
     probability: 0.49999999999999994 } } }
[]
{ tankId: 'SkSpciLxz',
  nextStep: 'move',
  direction: 'down',
  weight: 10 }
{ SkSpciLxz: 'move' }
90 '--------------------------------'
{ myTank: 
   [ { bullet: '',
       hp: 5,
       color: 'blue',
       x: 15,
       y: 12,
       direction: 'down',
       id: 'SkSpciLxz',
       probability: 0.2 },
     { bullet: '',
       hp: 5,
       color: 'blue',
       x: 15,
       y: 12,
       direction: 'up',
       id: 'SkSpciLxz',
       probability: 0.09999999999999999 },
     { bullet: '',
       hp: 5,
       color: 'blue',
       x: 15,
       y: 12,
       direction: 'left',
       id: 'SkSpciLxz',
       probability: 0.09999999999999999 },
     { bullet: '',
       hp: 5,
       color: 'blue',
       x: 15,
       y: 12,
       direction: 'right',
       id: 'SkSpciLxz',
       probability: 0.09999999999999999 } ],
  myTankProbabilityMap: 
   Map {
     '15,12' => { bullet: '',
     hp: 5,
     color: 'blue',
     x: 15,
     y: 12,
     direction: 'down',
     id: 'SkSpciLxz',
     probability: 0.49999999999999994 } } }
[]
{ tankId: 'SkSpciLxz',
  nextStep: 'turnTo',
  turnTo: 'left',
  direction: 'right',
  weight: 10 }
{ SkSpciLxz: 'left' }
91 '--------------------------------'
{ myTank: 
   [ { bullet: '',
       hp: 5,
       color: 'blue',
       x: 16,
       y: 12,
       direction: 'right',
       id: 'SkSpciLxz',
       probability: 0.5 },
     { bullet: '',
       hp: 5,
       color: 'blue',
       x: 15,
       y: 12,
       direction: 'right',
       id: 'SkSpciLxz',
       probability: 0.2 },
     { bullet: '',
       hp: 5,
       color: 'blue',
       x: 15,
       y: 12,
       direction: 'top',
       id: 'SkSpciLxz',
       probability: 0.09999999999999999 },
     { bullet: '',
       hp: 5,
       color: 'blue',
       x: 15,
       y: 12,
       direction: 'left',
       id: 'SkSpciLxz',
       probability: 0.09999999999999999 },
     { bullet: '',
       hp: 5,
       color: 'blue',
       x: 15,
       y: 12,
       direction: 'down',
       id: 'SkSpciLxz',
       probability: 0.09999999999999999 } ],
  myTankProbabilityMap: 
   Map {
     '16,12' => { bullet: '',
     hp: 5,
     color: 'blue',
     x: 16,
     y: 12,
     direction: 'right',
     id: 'SkSpciLxz',
     probability: 0.5 },
     '15,12' => { bullet: '',
     hp: 5,
     color: 'blue',
     x: 15,
     y: 12,
     direction: 'right',
     id: 'SkSpciLxz',
     probability: 0.49999999999999994 } } }
[]
{ tankId: 'SkSpciLxz',
  nextStep: 'move',
  direction: 'right',
  weight: 10 }
{ SkSpciLxz: 'move' }
92 '--------------------------------'
{ myTank: 
   [ { bullet: '',
       hp: 5,
       color: 'blue',
       x: 17,
       y: 12,
       direction: 'right',
       id: 'SkSpciLxz',
       probability: 0.5 },
     { bullet: '',
       hp: 5,
       color: 'blue',
       x: 16,
       y: 12,
       direction: 'right',
       id: 'SkSpciLxz',
       probability: 0.2 },
     { bullet: '',
       hp: 5,
       color: 'blue',
       x: 16,
       y: 12,
       direction: 'top',
       id: 'SkSpciLxz',
       probability: 0.09999999999999999 },
     { bullet: '',
       hp: 5,
       color: 'blue',
       x: 16,
       y: 12,
       direction: 'left',
       id: 'SkSpciLxz',
       probability: 0.09999999999999999 },
     { bullet: '',
       hp: 5,
       color: 'blue',
       x: 16,
       y: 12,
       direction: 'down',
       id: 'SkSpciLxz',
       probability: 0.09999999999999999 } ],
  myTankProbabilityMap: 
   Map {
     '17,12' => { bullet: '',
     hp: 5,
     color: 'blue',
     x: 17,
     y: 12,
     direction: 'right',
     id: 'SkSpciLxz',
     probability: 0.5 },
     '16,12' => { bullet: '',
     hp: 5,
     color: 'blue',
     x: 16,
     y: 12,
     direction: 'right',
     id: 'SkSpciLxz',
     probability: 0.49999999999999994 } } }
[]
{ tankId: 'SkSpciLxz',
  nextStep: 'turnTo',
  turnTo: 'right',
  direction: 'down',
  weight: 10 }
{ SkSpciLxz: 'right' }
93 '--------------------------------'
{ myTank: 
   [ { bullet: '',
       hp: 5,
       color: 'blue',
       x: 16,
       y: 13,
       direction: 'down',
       id: 'SkSpciLxz',
       probability: 0.5 },
     { bullet: '',
       hp: 5,
       color: 'blue',
       x: 16,
       y: 12,
       direction: 'down',
       id: 'SkSpciLxz',
       probability: 0.2 },
     { bullet: '',
       hp: 5,
       color: 'blue',
       x: 16,
       y: 12,
       direction: 'up',
       id: 'SkSpciLxz',
       probability: 0.09999999999999999 },
     { bullet: '',
       hp: 5,
       color: 'blue',
       x: 16,
       y: 12,
       direction: 'left',
       id: 'SkSpciLxz',
       probability: 0.09999999999999999 },
     { bullet: '',
       hp: 5,
       color: 'blue',
       x: 16,
       y: 12,
       direction: 'right',
       id: 'SkSpciLxz',
       probability: 0.09999999999999999 } ],
  myTankProbabilityMap: 
   Map {
     '16,13' => { bullet: '',
     hp: 5,
     color: 'blue',
     x: 16,
     y: 13,
     direction: 'down',
     id: 'SkSpciLxz',
     probability: 0.5 },
     '16,12' => { bullet: '',
     hp: 5,
     color: 'blue',
     x: 16,
     y: 12,
     direction: 'down',
     id: 'SkSpciLxz',
     probability: 0.49999999999999994 } } }
[]
{ tankId: 'SkSpciLxz',
  nextStep: 'move',
  direction: 'down',
  weight: 10 }
{ SkSpciLxz: 'move' }
94 '--------------------------------'
{ myTank: 
   [ { bullet: '',
       hp: 5,
       color: 'blue',
       x: 16,
       y: 14,
       direction: 'down',
       id: 'SkSpciLxz',
       probability: 0.5 },
     { bullet: '',
       hp: 5,
       color: 'blue',
       x: 16,
       y: 13,
       direction: 'down',
       id: 'SkSpciLxz',
       probability: 0.2 },
     { bullet: '',
       hp: 5,
       color: 'blue',
       x: 16,
       y: 13,
       direction: 'up',
       id: 'SkSpciLxz',
       probability: 0.09999999999999999 },
     { bullet: '',
       hp: 5,
       color: 'blue',
       x: 16,
       y: 13,
       direction: 'left',
       id: 'SkSpciLxz',
       probability: 0.09999999999999999 },
     { bullet: '',
       hp: 5,
       color: 'blue',
       x: 16,
       y: 13,
       direction: 'right',
       id: 'SkSpciLxz',
       probability: 0.09999999999999999 } ],
  myTankProbabilityMap: 
   Map {
     '16,14' => { bullet: '',
     hp: 5,
     color: 'blue',
     x: 16,
     y: 14,
     direction: 'down',
     id: 'SkSpciLxz',
     probability: 0.5 },
     '16,13' => { bullet: '',
     hp: 5,
     color: 'blue',
     x: 16,
     y: 13,
     direction: 'down',
     id: 'SkSpciLxz',
     probability: 0.49999999999999994 } } }
[]
{ tankId: 'SkSpciLxz',
  nextStep: 'move',
  direction: 'down',
  weight: 10 }
{ SkSpciLxz: 'move' }
95 '--------------------------------'
{ myTank: 
   [ { bullet: '',
       hp: 5,
       color: 'blue',
       x: 16,
       y: 14,
       direction: 'down',
       id: 'SkSpciLxz',
       probability: 0.2 },
     { bullet: '',
       hp: 5,
       color: 'blue',
       x: 16,
       y: 14,
       direction: 'up',
       id: 'SkSpciLxz',
       probability: 0.09999999999999999 },
     { bullet: '',
       hp: 5,
       color: 'blue',
       x: 16,
       y: 14,
       direction: 'left',
       id: 'SkSpciLxz',
       probability: 0.09999999999999999 },
     { bullet: '',
       hp: 5,
       color: 'blue',
       x: 16,
       y: 14,
       direction: 'right',
       id: 'SkSpciLxz',
       probability: 0.09999999999999999 } ],
  myTankProbabilityMap: 
   Map {
     '16,14' => { bullet: '',
     hp: 5,
     color: 'blue',
     x: 16,
     y: 14,
     direction: 'down',
     id: 'SkSpciLxz',
     probability: 0.49999999999999994 } } }
[]
{ tankId: 'SkSpciLxz',
  nextStep: 'turnTo',
  turnTo: 'right',
  direction: 'left',
  weight: 10 }
{ SkSpciLxz: 'right' }
96 '--------------------------------'
{ myTank: 
   [ { bullet: '',
       hp: 5,
       color: 'blue',
       x: 15,
       y: 14,
       direction: 'left',
       id: 'SkSpciLxz',
       probability: 0.5 },
     { bullet: '',
       hp: 5,
       color: 'blue',
       x: 16,
       y: 14,
       direction: 'left',
       id: 'SkSpciLxz',
       probability: 0.2 },
     { bullet: '',
       hp: 5,
       color: 'blue',
       x: 16,
       y: 14,
       direction: 'top',
       id: 'SkSpciLxz',
       probability: 0.09999999999999999 },
     { bullet: '',
       hp: 5,
       color: 'blue',
       x: 16,
       y: 14,
       direction: 'right',
       id: 'SkSpciLxz',
       probability: 0.09999999999999999 },
     { bullet: '',
       hp: 5,
       color: 'blue',
       x: 16,
       y: 14,
       direction: 'down',
       id: 'SkSpciLxz',
       probability: 0.09999999999999999 } ],
  myTankProbabilityMap: 
   Map {
     '15,14' => { bullet: '',
     hp: 5,
     color: 'blue',
     x: 15,
     y: 14,
     direction: 'left',
     id: 'SkSpciLxz',
     probability: 0.5 },
     '16,14' => { bullet: '',
     hp: 5,
     color: 'blue',
     x: 16,
     y: 14,
     direction: 'left',
     id: 'SkSpciLxz',
     probability: 0.49999999999999994 } } }
[]
{ tankId: 'SkSpciLxz',
  nextStep: 'move',
  direction: 'left',
  weight: 10 }
{ SkSpciLxz: 'move' }
97 '--------------------------------'
{ myTank: 
   [ { bullet: '',
       hp: 5,
       color: 'blue',
       x: 14,
       y: 14,
       direction: 'left',
       id: 'SkSpciLxz',
       probability: 0.5 },
     { bullet: '',
       hp: 5,
       color: 'blue',
       x: 15,
       y: 14,
       direction: 'left',
       id: 'SkSpciLxz',
       probability: 0.2 },
     { bullet: '',
       hp: 5,
       color: 'blue',
       x: 15,
       y: 14,
       direction: 'top',
       id: 'SkSpciLxz',
       probability: 0.09999999999999999 },
     { bullet: '',
       hp: 5,
       color: 'blue',
       x: 15,
       y: 14,
       direction: 'right',
       id: 'SkSpciLxz',
       probability: 0.09999999999999999 },
     { bullet: '',
       hp: 5,
       color: 'blue',
       x: 15,
       y: 14,
       direction: 'down',
       id: 'SkSpciLxz',
       probability: 0.09999999999999999 } ],
  myTankProbabilityMap: 
   Map {
     '14,14' => { bullet: '',
     hp: 5,
     color: 'blue',
     x: 14,
     y: 14,
     direction: 'left',
     id: 'SkSpciLxz',
     probability: 0.5 },
     '15,14' => { bullet: '',
     hp: 5,
     color: 'blue',
     x: 15,
     y: 14,
     direction: 'left',
     id: 'SkSpciLxz',
     probability: 0.49999999999999994 } } }
[]
{ tankId: 'SkSpciLxz',
  nextStep: 'move',
  direction: 'left',
  weight: 10 }
{ SkSpciLxz: 'move' }
98 '--------------------------------'
{ myTank: 
   [ { bullet: '',
       hp: 5,
       color: 'blue',
       x: 13,
       y: 14,
       direction: 'left',
       id: 'SkSpciLxz',
       probability: 0.5 },
     { bullet: '',
       hp: 5,
       color: 'blue',
       x: 14,
       y: 14,
       direction: 'left',
       id: 'SkSpciLxz',
       probability: 0.2 },
     { bullet: '',
       hp: 5,
       color: 'blue',
       x: 14,
       y: 14,
       direction: 'top',
       id: 'SkSpciLxz',
       probability: 0.09999999999999999 },
     { bullet: '',
       hp: 5,
       color: 'blue',
       x: 14,
       y: 14,
       direction: 'right',
       id: 'SkSpciLxz',
       probability: 0.09999999999999999 },
     { bullet: '',
       hp: 5,
       color: 'blue',
       x: 14,
       y: 14,
       direction: 'down',
       id: 'SkSpciLxz',
       probability: 0.09999999999999999 } ],
  myTankProbabilityMap: 
   Map {
     '13,14' => { bullet: '',
     hp: 5,
     color: 'blue',
     x: 13,
     y: 14,
     direction: 'left',
     id: 'SkSpciLxz',
     probability: 0.5 },
     '14,14' => { bullet: '',
     hp: 5,
     color: 'blue',
     x: 14,
     y: 14,
     direction: 'left',
     id: 'SkSpciLxz',
     probability: 0.49999999999999994 } } }
[ { tankId: 'SkSpciLxz',
    nextStep: 'fire',
    direction: 'down',
    weight: 247.99999999999997 },
  { tankId: 'SkSpciLxz',
    nextStep: 'fire',
    direction: 'down',
    weight: 1247.0000000000002 },
  { tankId: 'SkSpciLxz',
    nextStep: 'fire',
    direction: 'down',
    weight: 1247.0000000000002 } ]
{ tankId: 'SkSpciLxz',
  nextStep: 'fire',
  direction: 'down',
  weight: 2742.0000000000005 }
{ SkSpciLxz: 'fire-down' }
99 '--------------------------------'
{ myTank: 
   [ { bullet: 'B1WcpcsLxz',
       hp: 5,
       color: 'blue',
       x: 13,
       y: 14,
       direction: 'left',
       id: 'SkSpciLxz',
       probability: 0.5 },
     { bullet: 'B1WcpcsLxz',
       hp: 5,
       color: 'blue',
       x: 14,
       y: 14,
       direction: 'left',
       id: 'SkSpciLxz',
       probability: 0.2 },
     { bullet: 'B1WcpcsLxz',
       hp: 5,
       color: 'blue',
       x: 14,
       y: 14,
       direction: 'top',
       id: 'SkSpciLxz',
       probability: 0.09999999999999999 },
     { bullet: 'B1WcpcsLxz',
       hp: 5,
       color: 'blue',
       x: 14,
       y: 14,
       direction: 'right',
       id: 'SkSpciLxz',
       probability: 0.09999999999999999 },
     { bullet: 'B1WcpcsLxz',
       hp: 5,
       color: 'blue',
       x: 14,
       y: 14,
       direction: 'down',
       id: 'SkSpciLxz',
       probability: 0.09999999999999999 } ],
  myTankProbabilityMap: 
   Map {
     '13,14' => { bullet: 'B1WcpcsLxz',
     hp: 5,
     color: 'blue',
     x: 13,
     y: 14,
     direction: 'left',
     id: 'SkSpciLxz',
     probability: 0.5 },
     '14,14' => { bullet: 'B1WcpcsLxz',
     hp: 5,
     color: 'blue',
     x: 14,
     y: 14,
     direction: 'left',
     id: 'SkSpciLxz',
     probability: 0.49999999999999994 } } }
[]
{ tankId: 'SkSpciLxz',
  nextStep: 'turnTo',
  turnTo: 'left',
  direction: 'down',
  weight: 10 }
{ SkSpciLxz: 'left' }
100 '--------------------------------'
{ myTank: 
   [ { bullet: '',
       hp: 5,
       color: 'blue',
       x: 14,
       y: 15,
       direction: 'down',
       id: 'SkSpciLxz',
       probability: 0.5 },
     { bullet: '',
       hp: 5,
       color: 'blue',
       x: 14,
       y: 14,
       direction: 'down',
       id: 'SkSpciLxz',
       probability: 0.2 },
     { bullet: '',
       hp: 5,
       color: 'blue',
       x: 14,
       y: 14,
       direction: 'up',
       id: 'SkSpciLxz',
       probability: 0.09999999999999999 },
     { bullet: '',
       hp: 5,
       color: 'blue',
       x: 14,
       y: 14,
       direction: 'left',
       id: 'SkSpciLxz',
       probability: 0.09999999999999999 },
     { bullet: '',
       hp: 5,
       color: 'blue',
       x: 14,
       y: 14,
       direction: 'right',
       id: 'SkSpciLxz',
       probability: 0.09999999999999999 } ],
  myTankProbabilityMap: 
   Map {
     '14,15' => { bullet: '',
     hp: 5,
     color: 'blue',
     x: 14,
     y: 15,
     direction: 'down',
     id: 'SkSpciLxz',
     probability: 0.5 },
     '14,14' => { bullet: '',
     hp: 5,
     color: 'blue',
     x: 14,
     y: 14,
     direction: 'down',
     id: 'SkSpciLxz',
     probability: 0.49999999999999994 } } }
[ { tankId: 'SkSpciLxz',
    nextStep: 'fire',
    direction: 'down',
    weight: 997.0000000000003 },
  { tankId: 'SkSpciLxz',
    nextStep: 'fire',
    direction: 'down',
    weight: 997.0000000000003 } ]
{ tankId: 'SkSpciLxz',
  nextStep: 'fire',
  direction: 'down',
  weight: 1994.0000000000007 }
{ SkSpciLxz: 'fire-down' }
101 '--------------------------------'
{ myTank: 
   [ { bullet: 'H1Gq6qsLlM',
       hp: 5,
       color: 'blue',
       x: 14,
       y: 15,
       direction: 'down',
       id: 'SkSpciLxz',
       probability: 0.5 },
     { bullet: 'H1Gq6qsLlM',
       hp: 5,
       color: 'blue',
       x: 14,
       y: 14,
       direction: 'down',
       id: 'SkSpciLxz',
       probability: 0.2 },
     { bullet: 'H1Gq6qsLlM',
       hp: 5,
       color: 'blue',
       x: 14,
       y: 14,
       direction: 'up',
       id: 'SkSpciLxz',
       probability: 0.09999999999999999 },
     { bullet: 'H1Gq6qsLlM',
       hp: 5,
       color: 'blue',
       x: 14,
       y: 14,
       direction: 'left',
       id: 'SkSpciLxz',
       probability: 0.09999999999999999 },
     { bullet: 'H1Gq6qsLlM',
       hp: 5,
       color: 'blue',
       x: 14,
       y: 14,
       direction: 'right',
       id: 'SkSpciLxz',
       probability: 0.09999999999999999 } ],
  myTankProbabilityMap: 
   Map {
     '14,15' => { bullet: 'H1Gq6qsLlM',
     hp: 5,
     color: 'blue',
     x: 14,
     y: 15,
     direction: 'down',
     id: 'SkSpciLxz',
     probability: 0.5 },
     '14,14' => { bullet: 'H1Gq6qsLlM',
     hp: 5,
     color: 'blue',
     x: 14,
     y: 14,
     direction: 'down',
     id: 'SkSpciLxz',
     probability: 0.49999999999999994 } } }
[]
{ tankId: 'SkSpciLxz',
  nextStep: 'move',
  direction: 'down',
  weight: 10 }
{ SkSpciLxz: 'move' }
102 '--------------------------------'
{ myTank: 
   [ { bullet: 'H1Gq6qsLlM',
       hp: 5,
       color: 'blue',
       x: 14,
       y: 16,
       direction: 'down',
       id: 'SkSpciLxz',
       probability: 0.5 },
     { bullet: 'H1Gq6qsLlM',
       hp: 5,
       color: 'blue',
       x: 14,
       y: 15,
       direction: 'down',
       id: 'SkSpciLxz',
       probability: 0.2 },
     { bullet: 'H1Gq6qsLlM',
       hp: 5,
       color: 'blue',
       x: 14,
       y: 15,
       direction: 'up',
       id: 'SkSpciLxz',
       probability: 0.09999999999999999 },
     { bullet: 'H1Gq6qsLlM',
       hp: 5,
       color: 'blue',
       x: 14,
       y: 15,
       direction: 'left',
       id: 'SkSpciLxz',
       probability: 0.09999999999999999 },
     { bullet: 'H1Gq6qsLlM',
       hp: 5,
       color: 'blue',
       x: 14,
       y: 15,
       direction: 'right',
       id: 'SkSpciLxz',
       probability: 0.09999999999999999 } ],
  myTankProbabilityMap: 
   Map {
     '14,16' => { bullet: 'H1Gq6qsLlM',
     hp: 5,
     color: 'blue',
     x: 14,
     y: 16,
     direction: 'down',
     id: 'SkSpciLxz',
     probability: 0.5 },
     '14,15' => { bullet: 'H1Gq6qsLlM',
     hp: 5,
     color: 'blue',
     x: 14,
     y: 15,
     direction: 'down',
     id: 'SkSpciLxz',
     probability: 0.49999999999999994 } } }
[]
{ tankId: 'SkSpciLxz',
  nextStep: 'move',
  direction: 'down',
  weight: 10 }
{ SkSpciLxz: 'move' }
103 '--------------------------------'
{ myTank: 
   [ { bullet: '',
       hp: 5,
       color: 'blue',
       x: 14,
       y: 17,
       direction: 'down',
       id: 'SkSpciLxz',
       probability: 0.5 },
     { bullet: '',
       hp: 5,
       color: 'blue',
       x: 14,
       y: 16,
       direction: 'down',
       id: 'SkSpciLxz',
       probability: 0.2 },
     { bullet: '',
       hp: 5,
       color: 'blue',
       x: 14,
       y: 16,
       direction: 'up',
       id: 'SkSpciLxz',
       probability: 0.09999999999999999 },
     { bullet: '',
       hp: 5,
       color: 'blue',
       x: 14,
       y: 16,
       direction: 'left',
       id: 'SkSpciLxz',
       probability: 0.09999999999999999 },
     { bullet: '',
       hp: 5,
       color: 'blue',
       x: 14,
       y: 16,
       direction: 'right',
       id: 'SkSpciLxz',
       probability: 0.09999999999999999 } ],
  myTankProbabilityMap: 
   Map {
     '14,17' => { bullet: '',
     hp: 5,
     color: 'blue',
     x: 14,
     y: 17,
     direction: 'down',
     id: 'SkSpciLxz',
     probability: 0.5 },
     '14,16' => { bullet: '',
     hp: 5,
     color: 'blue',
     x: 14,
     y: 16,
     direction: 'down',
     id: 'SkSpciLxz',
     probability: 0.49999999999999994 } } }
[]
{ tankId: 'SkSpciLxz',
  nextStep: 'move',
  direction: 'down',
  weight: 10 }
{ SkSpciLxz: 'move' }
104 '--------------------------------'
{ myTank: 
   [ { bullet: '',
       hp: 5,
       color: 'blue',
       x: 14,
       y: 17,
       direction: 'down',
       id: 'SkSpciLxz',
       probability: 0.2 },
     { bullet: '',
       hp: 5,
       color: 'blue',
       x: 14,
       y: 17,
       direction: 'up',
       id: 'SkSpciLxz',
       probability: 0.09999999999999999 },
     { bullet: '',
       hp: 5,
       color: 'blue',
       x: 14,
       y: 17,
       direction: 'left',
       id: 'SkSpciLxz',
       probability: 0.09999999999999999 },
     { bullet: '',
       hp: 5,
       color: 'blue',
       x: 14,
       y: 17,
       direction: 'right',
       id: 'SkSpciLxz',
       probability: 0.09999999999999999 } ],
  myTankProbabilityMap: 
   Map {
     '14,17' => { bullet: '',
     hp: 5,
     color: 'blue',
     x: 14,
     y: 17,
     direction: 'down',
     id: 'SkSpciLxz',
     probability: 0.49999999999999994 } } }
[ { tankId: 'SkSpciLxz',
    nextStep: 'fire',
    direction: 'left',
    weight: 247.99999999999997 },
  { tankId: 'SkSpciLxz',
    nextStep: 'fire',
    direction: 'left',
    weight: 997.0000000000003 },
  { tankId: 'SkSpciLxz',
    nextStep: 'fire',
    direction: 'left',
    weight: 997.0000000000003 },
  { tankId: 'SkSpciLxz',
    nextStep: 'fire',
    direction: 'left',
    weight: 86.00000000000003 },
  { tankId: 'SkSpciLxz',
    nextStep: 'fire',
    direction: 'left',
    weight: 107.49999999999999 },
  { tankId: 'SkSpciLxz',
    nextStep: 'fire',
    direction: 'left',
    weight: 107.49999999999999 } ]
{ tankId: 'SkSpciLxz',
  nextStep: 'fire',
  direction: 'left',
  weight: 2543.0000000000005 }
{ SkSpciLxz: 'fire-left' }
105 '--------------------------------'
{ myTank: 
   [ { bullet: 'Bksa9iLgM',
       hp: 5,
       color: 'blue',
       x: 14,
       y: 17,
       direction: 'down',
       id: 'SkSpciLxz',
       probability: 0.2 },
     { bullet: 'Bksa9iLgM',
       hp: 5,
       color: 'blue',
       x: 14,
       y: 17,
       direction: 'up',
       id: 'SkSpciLxz',
       probability: 0.09999999999999999 },
     { bullet: 'Bksa9iLgM',
       hp: 5,
       color: 'blue',
       x: 14,
       y: 17,
       direction: 'left',
       id: 'SkSpciLxz',
       probability: 0.09999999999999999 },
     { bullet: 'Bksa9iLgM',
       hp: 5,
       color: 'blue',
       x: 14,
       y: 17,
       direction: 'right',
       id: 'SkSpciLxz',
       probability: 0.09999999999999999 } ],
  myTankProbabilityMap: 
   Map {
     '14,17' => { bullet: 'Bksa9iLgM',
     hp: 5,
     color: 'blue',
     x: 14,
     y: 17,
     direction: 'down',
     id: 'SkSpciLxz',
     probability: 0.49999999999999994 } } }
[]
{ tankId: 'SkSpciLxz',
  nextStep: 'turnTo',
  turnTo: 'right',
  direction: 'left',
  weight: 10 }
{ SkSpciLxz: 'right' }
106 '--------------------------------'
{ myTank: 
   [ { bullet: '',
       hp: 5,
       color: 'blue',
       x: 13,
       y: 17,
       direction: 'left',
       id: 'SkSpciLxz',
       probability: 0.5 },
     { bullet: '',
       hp: 5,
       color: 'blue',
       x: 14,
       y: 17,
       direction: 'left',
       id: 'SkSpciLxz',
       probability: 0.2 },
     { bullet: '',
       hp: 5,
       color: 'blue',
       x: 14,
       y: 17,
       direction: 'top',
       id: 'SkSpciLxz',
       probability: 0.09999999999999999 },
     { bullet: '',
       hp: 5,
       color: 'blue',
       x: 14,
       y: 17,
       direction: 'right',
       id: 'SkSpciLxz',
       probability: 0.09999999999999999 },
     { bullet: '',
       hp: 5,
       color: 'blue',
       x: 14,
       y: 17,
       direction: 'down',
       id: 'SkSpciLxz',
       probability: 0.09999999999999999 } ],
  myTankProbabilityMap: 
   Map {
     '13,17' => { bullet: '',
     hp: 5,
     color: 'blue',
     x: 13,
     y: 17,
     direction: 'left',
     id: 'SkSpciLxz',
     probability: 0.5 },
     '14,17' => { bullet: '',
     hp: 5,
     color: 'blue',
     x: 14,
     y: 17,
     direction: 'left',
     id: 'SkSpciLxz',
     probability: 0.49999999999999994 } } }
[ { tankId: 'SkSpciLxz',
    nextStep: 'fire',
    direction: 'left',
    weight: 247.99999999999997 },
  { tankId: 'SkSpciLxz',
    nextStep: 'fire',
    direction: 'left',
    weight: 1247.0000000000002 },
  { tankId: 'SkSpciLxz',
    nextStep: 'fire',
    direction: 'left',
    weight: 1247.0000000000002 },
  { tankId: 'SkSpciLxz',
    nextStep: 'fire',
    direction: 'left',
    weight: 23.499999999999996 },
  { tankId: 'SkSpciLxz',
    nextStep: 'fire',
    direction: 'left',
    weight: 7.499999999999998 },
  { tankId: 'SkSpciLxz',
    nextStep: 'fire',
    direction: 'left',
    weight: 7.499999999999998 } ]
{ tankId: 'SkSpciLxz',
  nextStep: 'fire',
  direction: 'left',
  weight: 2780.5000000000005 }
{ SkSpciLxz: 'fire-left' }
107 '--------------------------------'
{ myTank: 
   [ { bullet: 'rJbs6qi8xf',
       hp: 5,
       color: 'blue',
       x: 13,
       y: 17,
       direction: 'left',
       id: 'SkSpciLxz',
       probability: 0.5 },
     { bullet: 'rJbs6qi8xf',
       hp: 5,
       color: 'blue',
       x: 14,
       y: 17,
       direction: 'left',
       id: 'SkSpciLxz',
       probability: 0.2 },
     { bullet: 'rJbs6qi8xf',
       hp: 5,
       color: 'blue',
       x: 14,
       y: 17,
       direction: 'top',
       id: 'SkSpciLxz',
       probability: 0.09999999999999999 },
     { bullet: 'rJbs6qi8xf',
       hp: 5,
       color: 'blue',
       x: 14,
       y: 17,
       direction: 'right',
       id: 'SkSpciLxz',
       probability: 0.09999999999999999 },
     { bullet: 'rJbs6qi8xf',
       hp: 5,
       color: 'blue',
       x: 14,
       y: 17,
       direction: 'down',
       id: 'SkSpciLxz',
       probability: 0.09999999999999999 } ],
  myTankProbabilityMap: 
   Map {
     '13,17' => { bullet: 'rJbs6qi8xf',
     hp: 5,
     color: 'blue',
     x: 13,
     y: 17,
     direction: 'left',
     id: 'SkSpciLxz',
     probability: 0.5 },
     '14,17' => { bullet: 'rJbs6qi8xf',
     hp: 5,
     color: 'blue',
     x: 14,
     y: 17,
     direction: 'left',
     id: 'SkSpciLxz',
     probability: 0.49999999999999994 } } }
[]
{ tankId: 'SkSpciLxz',
  nextStep: 'move',
  direction: 'left',
  weight: 10 }
{ SkSpciLxz: 'move' }
108 '--------------------------------'
{ myTank: 
   [ { bullet: '',
       hp: 5,
       color: 'blue',
       x: 12,
       y: 17,
       direction: 'left',
       id: 'SkSpciLxz',
       probability: 0.5 },
     { bullet: '',
       hp: 5,
       color: 'blue',
       x: 13,
       y: 17,
       direction: 'left',
       id: 'SkSpciLxz',
       probability: 0.2 },
     { bullet: '',
       hp: 5,
       color: 'blue',
       x: 13,
       y: 17,
       direction: 'top',
       id: 'SkSpciLxz',
       probability: 0.09999999999999999 },
     { bullet: '',
       hp: 5,
       color: 'blue',
       x: 13,
       y: 17,
       direction: 'right',
       id: 'SkSpciLxz',
       probability: 0.09999999999999999 },
     { bullet: '',
       hp: 5,
       color: 'blue',
       x: 13,
       y: 17,
       direction: 'down',
       id: 'SkSpciLxz',
       probability: 0.09999999999999999 } ],
  myTankProbabilityMap: 
   Map {
     '12,17' => { bullet: '',
     hp: 5,
     color: 'blue',
     x: 12,
     y: 17,
     direction: 'left',
     id: 'SkSpciLxz',
     probability: 0.5 },
     '13,17' => { bullet: '',
     hp: 5,
     color: 'blue',
     x: 13,
     y: 17,
     direction: 'left',
     id: 'SkSpciLxz',
     probability: 0.49999999999999994 } } }
[ { tankId: 'SkSpciLxz',
    nextStep: 'fire',
    direction: 'left',
    weight: 1248.0000000000002 },
  { tankId: 'SkSpciLxz',
    nextStep: 'fire',
    direction: 'left',
    weight: 246.99999999999997 },
  { tankId: 'SkSpciLxz',
    nextStep: 'fire',
    direction: 'left',
    weight: 246.99999999999997 },
  { tankId: 'SkSpciLxz',
    nextStep: 'fire',
    direction: 'left',
    weight: 8.499999999999998 } ]
{ tankId: 'SkSpciLxz',
  nextStep: 'fire',
  direction: 'left',
  weight: 1750.5000000000002 }
{ SkSpciLxz: 'fire-left' }
109 '--------------------------------'
{ myTank: 
   [ { bullet: 'HJzsTcoUlM',
       hp: 5,
       color: 'blue',
       x: 12,
       y: 17,
       direction: 'left',
       id: 'SkSpciLxz',
       probability: 0.5 },
     { bullet: 'HJzsTcoUlM',
       hp: 5,
       color: 'blue',
       x: 13,
       y: 17,
       direction: 'left',
       id: 'SkSpciLxz',
       probability: 0.2 },
     { bullet: 'HJzsTcoUlM',
       hp: 5,
       color: 'blue',
       x: 13,
       y: 17,
       direction: 'top',
       id: 'SkSpciLxz',
       probability: 0.09999999999999999 },
     { bullet: 'HJzsTcoUlM',
       hp: 5,
       color: 'blue',
       x: 13,
       y: 17,
       direction: 'right',
       id: 'SkSpciLxz',
       probability: 0.09999999999999999 },
     { bullet: 'HJzsTcoUlM',
       hp: 5,
       color: 'blue',
       x: 13,
       y: 17,
       direction: 'down',
       id: 'SkSpciLxz',
       probability: 0.09999999999999999 } ],
  myTankProbabilityMap: 
   Map {
     '12,17' => { bullet: 'HJzsTcoUlM',
     hp: 5,
     color: 'blue',
     x: 12,
     y: 17,
     direction: 'left',
     id: 'SkSpciLxz',
     probability: 0.5 },
     '13,17' => { bullet: 'HJzsTcoUlM',
     hp: 5,
     color: 'blue',
     x: 13,
     y: 17,
     direction: 'left',
     id: 'SkSpciLxz',
     probability: 0.49999999999999994 } } }
[]
{ tankId: 'SkSpciLxz',
  nextStep: 'move',
  direction: 'left',
  weight: 10 }
{ SkSpciLxz: 'move' }
110 '--------------------------------'
{ myTank: 
   [ { bullet: '',
       hp: 5,
       color: 'blue',
       x: 11,
       y: 17,
       direction: 'left',
       id: 'SkSpciLxz',
       probability: 0.5 },
     { bullet: '',
       hp: 5,
       color: 'blue',
       x: 12,
       y: 17,
       direction: 'left',
       id: 'SkSpciLxz',
       probability: 0.2 },
     { bullet: '',
       hp: 5,
       color: 'blue',
       x: 12,
       y: 17,
       direction: 'top',
       id: 'SkSpciLxz',
       probability: 0.09999999999999999 },
     { bullet: '',
       hp: 5,
       color: 'blue',
       x: 12,
       y: 17,
       direction: 'right',
       id: 'SkSpciLxz',
       probability: 0.09999999999999999 },
     { bullet: '',
       hp: 5,
       color: 'blue',
       x: 12,
       y: 17,
       direction: 'down',
       id: 'SkSpciLxz',
       probability: 0.09999999999999999 } ],
  myTankProbabilityMap: 
   Map {
     '11,17' => { bullet: '',
     hp: 5,
     color: 'blue',
     x: 11,
     y: 17,
     direction: 'left',
     id: 'SkSpciLxz',
     probability: 0.5 },
     '12,17' => { bullet: '',
     hp: 5,
     color: 'blue',
     x: 12,
     y: 17,
     direction: 'left',
     id: 'SkSpciLxz',
     probability: 0.49999999999999994 } } }
[ { tankId: 'SkSpciLxz',
    nextStep: 'fire',
    direction: 'left',
    weight: 4998.999999999999 },
  { tankId: 'SkSpciLxz',
    nextStep: 'fire',
    direction: 'left',
    weight: 4998.999999999999 },
  { tankId: 'SkSpciLxz',
    nextStep: 'fire',
    direction: 'left',
    weight: 1748 },
  { tankId: 'SkSpciLxz',
    nextStep: 'fire',
    direction: 'left',
    weight: 1247 },
  { tankId: 'SkSpciLxz',
    nextStep: 'fire',
    direction: 'left',
    weight: 1247 },
  { tankId: 'SkSpciLxz',
    nextStep: 'fire',
    direction: 'left',
    weight: 58.5 } ]
{ tankId: 'SkSpciLxz',
  nextStep: 'fire',
  direction: 'left',
  weight: 14298.499999999998 }
{ SkSpciLxz: 'fire-left' }
